Archive member included to satisfy reference by file (symbol)

/Users/nufer/Documents/Hes/TempsReel/workspace/TP1_ghostbuster_etu/Debug/libMyLab_lib.a(custom_rand.o)
                              ./src/tp1_ghostbuster.o (rnd_32)
/Users/nufer/Documents/Hes/TempsReel/workspace/TP1_ghostbuster_etu/Debug/libMyLab_lib.a(lcd.o)
                              ./src/tp1_ghostbuster.o (init_lcd)
/Users/nufer/Documents/Hes/TempsReel/workspace/TP1_ghostbuster_etu/Debug/libMyLab_lib.a(ssp.o)
                              /Users/nufer/Documents/Hes/TempsReel/workspace/TP1_ghostbuster_etu/Debug/libMyLab_lib.a(lcd.o) (ssp_init_custom)
/Users/nufer/Documents/Hes/TempsReel/workspace/TP1_ghostbuster_etu/Debug/libMyLab_lib.a(traces.o)
                              ./src/trace_mgt.o (write_trace_ref)
/Users/nufer/Documents/Hes/TempsReel/workspace/TP1_ghostbuster_etu/Debug/libMyLab_lib.a(uart.o)
                              /Users/nufer/Documents/Hes/TempsReel/workspace/TP1_ghostbuster_etu/Debug/libMyLab_lib.a(traces.o) (uart0_init)
/Users/nufer/Documents/Hes/TempsReel/workspace/TP1_ghostbuster_etu/Debug/libMyLab_lib.a(fonts.o)
                              /Users/nufer/Documents/Hes/TempsReel/workspace/TP1_ghostbuster_etu/Debug/libMyLab_lib.a(lcd.o) (SmallFont)
/Users/nufer/Documents/Hes/TempsReel/workspace/CMSISv2p00_LPC17xx/Debug/libCMSISv2p00_LPC17xx.a(system_LPC17xx.o)
                              ./src/cr_startup_lpc17.o (SystemInit)
/Applications/lpcxpresso_8.2.2_650/lpcxpresso/tools/bin/../lib/gcc/arm-none-eabi/5.4.1/../../../../arm-none-eabi/lib/armv7-m/libcr_semihost.a(_cr__main.o)
                              ./src/cr_startup_lpc17.o (__main)
/Applications/lpcxpresso_8.2.2_650/lpcxpresso/tools/bin/../lib/gcc/arm-none-eabi/5.4.1/../../../../arm-none-eabi/lib/armv7-m/libcr_c.a(memcpy.o)
                              ./FreeRTOS_src/queue.o (memcpy)
/Applications/lpcxpresso_8.2.2_650/lpcxpresso/tools/bin/../lib/gcc/arm-none-eabi/5.4.1/../../../../arm-none-eabi/lib/armv7-m/libcr_c.a(memset.o)
                              ./FreeRTOS_src/tasks.o (memset)
/Applications/lpcxpresso_8.2.2_650/lpcxpresso/tools/bin/../lib/gcc/arm-none-eabi/5.4.1/../../../../arm-none-eabi/lib/armv7-m/libcr_c.a(alloc.o)
                              /Users/nufer/Documents/Hes/TempsReel/workspace/TP1_ghostbuster_etu/Debug/libMyLab_lib.a(lcd.o) (malloc)
/Applications/lpcxpresso_8.2.2_650/lpcxpresso/tools/bin/../lib/gcc/arm-none-eabi/5.4.1/../../../../arm-none-eabi/lib/armv7-m/libcr_c.a(fclose.o)
                              /Users/nufer/Documents/Hes/TempsReel/workspace/TP1_ghostbuster_etu/Debug/libMyLab_lib.a(lcd.o) (fclose)
/Applications/lpcxpresso_8.2.2_650/lpcxpresso/tools/bin/../lib/gcc/arm-none-eabi/5.4.1/../../../../arm-none-eabi/lib/armv7-m/libcr_c.a(fflush.o)
                              /Applications/lpcxpresso_8.2.2_650/lpcxpresso/tools/bin/../lib/gcc/arm-none-eabi/5.4.1/../../../../arm-none-eabi/lib/armv7-m/libcr_c.a(fclose.o) (fflush)
/Applications/lpcxpresso_8.2.2_650/lpcxpresso/tools/bin/../lib/gcc/arm-none-eabi/5.4.1/../../../../arm-none-eabi/lib/armv7-m/libcr_c.a(fopen.o)
                              /Users/nufer/Documents/Hes/TempsReel/workspace/TP1_ghostbuster_etu/Debug/libMyLab_lib.a(lcd.o) (fopen)
/Applications/lpcxpresso_8.2.2_650/lpcxpresso/tools/bin/../lib/gcc/arm-none-eabi/5.4.1/../../../../arm-none-eabi/lib/armv7-m/libcr_c.a(fpprintf.o)
                              /Users/nufer/Documents/Hes/TempsReel/workspace/TP1_ghostbuster_etu/Debug/libMyLab_lib.a(lcd.o) (vsprintf)
/Applications/lpcxpresso_8.2.2_650/lpcxpresso/tools/bin/../lib/gcc/arm-none-eabi/5.4.1/../../../../arm-none-eabi/lib/armv7-m/libcr_c.a(fread.o)
                              /Users/nufer/Documents/Hes/TempsReel/workspace/TP1_ghostbuster_etu/Debug/libMyLab_lib.a(lcd.o) (fread)
/Applications/lpcxpresso_8.2.2_650/lpcxpresso/tools/bin/../lib/gcc/arm-none-eabi/5.4.1/../../../../arm-none-eabi/lib/armv7-m/libcr_c.a(freopen.o)
                              /Applications/lpcxpresso_8.2.2_650/lpcxpresso/tools/bin/../lib/gcc/arm-none-eabi/5.4.1/../../../../arm-none-eabi/lib/armv7-m/libcr_c.a(fopen.o) (freopen)
/Applications/lpcxpresso_8.2.2_650/lpcxpresso/tools/bin/../lib/gcc/arm-none-eabi/5.4.1/../../../../arm-none-eabi/lib/armv7-m/libcr_c.a(fseek.o)
                              /Users/nufer/Documents/Hes/TempsReel/workspace/TP1_ghostbuster_etu/Debug/libMyLab_lib.a(lcd.o) (fseek)
/Applications/lpcxpresso_8.2.2_650/lpcxpresso/tools/bin/../lib/gcc/arm-none-eabi/5.4.1/../../../../arm-none-eabi/lib/armv7-m/libcr_c.a(ftell.o)
                              /Applications/lpcxpresso_8.2.2_650/lpcxpresso/tools/bin/../lib/gcc/arm-none-eabi/5.4.1/../../../../arm-none-eabi/lib/armv7-m/libcr_c.a(fseek.o) (ftell)
/Applications/lpcxpresso_8.2.2_650/lpcxpresso/tools/bin/../lib/gcc/arm-none-eabi/5.4.1/../../../../arm-none-eabi/lib/armv7-m/libcr_c.a(initio.o)
[...]
Memory Configuration

Name             Origin             Length             Attributes
MFlash512        0x0000000000000000 0x0000000000080000 xr
RamLoc32         0x0000000010000000 0x0000000000008000 xrw
RamAHB32         0x000000002007c000 0x0000000000008000 xrw
*default*        0x0000000000000000 0xffffffffffffffff

Linker script and memory map

                0x000000002007c018                __user_heap_base = __end_bss_RAM2
LOAD ./src/cr_startup_lpc17.o
LOAD ./src/tp1_ghostbuster.o
LOAD ./src/trace_mgt.o
LOAD ./FreeRTOS_src/croutine.o
LOAD ./FreeRTOS_src/list.o
LOAD ./FreeRTOS_src/queue.o
LOAD ./FreeRTOS_src/tasks.o
LOAD ./FreeRTOS_src/timers.o
LOAD ./FreeRTOS_portable/MemMang/heap_2.o
LOAD ./FreeRTOS_portable/port.o
LOAD /Users/nufer/Documents/Hes/TempsReel/workspace/TP1_ghostbuster_etu/Debug/libMyLab_lib.a
LOAD /Users/nufer/Documents/Hes/TempsReel/workspace/CMSISv2p00_LPC17xx/Debug/libCMSISv2p00_LPC17xx.a
START GROUP
LOAD /Applications/lpcxpresso_8.2.2_650/lpcxpresso/tools/bin/../lib/gcc/arm-none-eabi/5.4.1/../../../../arm-none-eabi/lib/armv7-m/libcr_semihost.a
LOAD /Applications/lpcxpresso_8.2.2_650/lpcxpresso/tools/bin/../lib/gcc/arm-none-eabi/5.4.1/../../../../arm-none-eabi/lib/armv7-m/libcr_c.a
LOAD /Applications/lpcxpresso_8.2.2_650/lpcxpresso/tools/bin/../lib/gcc/arm-none-eabi/5.4.1/armv7-m/libcr_eabihelpers.a
END GROUP
                0x0000000000000000                __base_MFlash512 = 0x0
                0x0000000000000000                __base_Flash = 0x0
                0x0000000000080000                __top_MFlash512 = 0x80000
                0x0000000000080000                __top_Flash = 0x80000
                0x0000000010000000                __base_RamLoc32 = 0x10000000
                0x0000000010000000                __base_RAM = 0x10000000
                0x0000000010008000                __top_RamLoc32 = 0x10008000
                0x0000000010008000                __top_RAM = 0x10008000
                0x000000002007c000                __base_RamAHB32 = 0x2007c000
                0x000000002007c000                __base_RAM2 = 0x2007c000
                0x0000000020084000                __top_RamAHB32 = 0x20084000
                0x0000000020084000                __top_RAM2 = 0x20084000

.text           0x0000000000000000     0x5c08
 FILL mask 0xff
                0x0000000000000000                __vectors_start__ = ABSOLUTE (.)
 *(.isr_vector)
 .isr_vector    0x0000000000000000       0xcc ./src/cr_startup_lpc17.o
                0x0000000000000000                g_pfnVectors
                0x00000000000000cc                . = ALIGN (0x4)
                0x00000000000000cc                __section_table_start = .
                0x00000000000000cc                __data_section_table = .
                0x00000000000000cc        0x4 LONG 0x5c20 LOADADDR (.data)
                0x00000000000000d0        0x4 LONG 0x10000000 ADDR (.data)
                0x00000000000000d4        0x4 LONG 0xf0 SIZEOF (.data)
                0x00000000000000d8        0x4 LONG 0x5c08 LOADADDR (.data_RAM2)
                0x00000000000000dc        0x4 LONG 0x2007c000 ADDR (.data_RAM2)
                0x00000000000000e0        0x4 LONG 0x18 SIZEOF (.data_RAM2)
                0x00000000000000e4                __data_section_table_end = .
                0x00000000000000e4                __bss_section_table = .
                0x00000000000000e4        0x4 LONG 0x100000f0 ADDR (.bss)
                0x00000000000000e8        0x4 LONG 0x5b58 SIZEOF (.bss)
                0x00000000000000ec        0x4 LONG 0x2007c018 ADDR (.bss_RAM2)
                0x00000000000000f0        0x4 LONG 0x0 SIZEOF (.bss_RAM2)
                0x00000000000000f4                __bss_section_table_end = .
                0x00000000000000f4                __section_table_end = .
 *(.after_vectors*)
 .after_vectors
                0x00000000000000f4      0x12c ./src/cr_startup_lpc17.o
                0x00000000000000f4                data_init
                0x0000000000000138                bss_init
                0x0000000000000170                ResetISR
                0x00000000000001e8                NMI_Handler
                0x00000000000001f0                HardFault_Handler
                0x00000000000001f8                MemManage_Handler
                0x0000000000000200                BusFault_Handler
                0x0000000000000208                UsageFault_Handler
                0x0000000000000210                DebugMon_Handler
                0x0000000000000218                CANActivity_IRQHandler
                0x0000000000000218                TIMER3_IRQHandler
                0x0000000000000218                IntDefaultHandler
                0x0000000000000218                PLL0_IRQHandler
                0x0000000000000218                CAN_IRQHandler
                0x0000000000000218                PLL1_IRQHandler
                0x0000000000000218                SSP0_IRQHandler
                0x0000000000000218                I2S_IRQHandler
                0x0000000000000218                I2C2_IRQHandler
                0x0000000000000218                RTC_IRQHandler
                0x0000000000000218                TIMER0_IRQHandler
                0x0000000000000218                SPI_IRQHandler
                0x0000000000000218                EINT1_IRQHandler
                0x0000000000000218                TIMER1_IRQHandler
                0x0000000000000218                UART2_IRQHandler
                0x0000000000000218                ADC_IRQHandler
                0x0000000000000218                SSP1_IRQHandler
                0x0000000000000218                USB_IRQHandler
                0x0000000000000218                BOD_IRQHandler
                0x0000000000000218                WDT_IRQHandler
                0x0000000000000218                QEI_IRQHandler
                0x0000000000000218                EINT0_IRQHandler
                0x0000000000000218                DMA_IRQHandler
                0x0000000000000218                UART3_IRQHandler
                0x0000000000000218                MCPWM_IRQHandler
                0x0000000000000218                TIMER2_IRQHandler
                0x0000000000000218                ENET_IRQHandler
                0x0000000000000218                RIT_IRQHandler
                0x0000000000000218                I2C0_IRQHandler
                0x0000000000000218                USBActivity_IRQHandler
                0x0000000000000218                PWM1_IRQHandler
                0x0000000000000218                I2C1_IRQHandler
                0x0000000000000218                EINT2_IRQHandler
                0x0000000000000218                UART1_IRQHandler
                0x0000000000000218                EINT3_IRQHandler
 *(.text*)
 .text.main     0x0000000000000220       0xa4 ./src/tp1_ghostbuster.o
                0x0000000000000220                main
 .text.write_trace
                0x00000000000002c4       0x28 ./src/trace_mgt.o
                0x00000000000002c4                write_trace
 .text.vListInitialise
                0x00000000000002ec       0x40 ./FreeRTOS_src/list.o
                0x00000000000002ec                vListInitialise
 .text.vListInitialiseItem
                0x000000000000032c       0x18 ./FreeRTOS_src/list.o
                0x000000000000032c                vListInitialiseItem
 .text.vListInsertEnd
                0x0000000000000344       0x50 ./FreeRTOS_src/list.o
                0x0000000000000344                vListInsertEnd
 .text.vListRemove
                0x0000000000000394       0x50 ./FreeRTOS_src/list.o
                0x0000000000000394                vListRemove
 .text.xTaskGenericCreate
                0x00000000000003e4      0x15c ./FreeRTOS_src/tasks.o
                0x00000000000003e4                xTaskGenericCreate
 .text.vTaskStartScheduler
                0x0000000000000540       0x5c ./FreeRTOS_src/tasks.o
                0x0000000000000540                vTaskStartScheduler
 .text.vTaskSuspendAll
                0x000000000000059c       0x1c ./FreeRTOS_src/tasks.o
                0x000000000000059c                vTaskSuspendAll
 .text.xTaskResumeAll
                0x00000000000005b8       0xf0 ./FreeRTOS_src/tasks.o
                0x00000000000005b8                xTaskResumeAll
 .text.vTaskIncrementTick
                0x00000000000006a8      0x12c ./FreeRTOS_src/tasks.o
                0x00000000000006a8                vTaskIncrementTick
 .text.vTaskSwitchContext
                0x00000000000007d4      0x100 ./FreeRTOS_src/tasks.o
                0x00000000000007d4                vTaskSwitchContext
 .text.prvIdleTask
                0x00000000000008d4       0x14 ./FreeRTOS_src/tasks.o
 .text.prvInitialiseTCBVariables
                0x00000000000008e8       0x68 ./FreeRTOS_src/tasks.o
 .text.prvInitialiseTaskLists
                0x0000000000000950       0x6c ./FreeRTOS_src/tasks.o
 .text.prvCheckTasksWaitingTermination
                0x00000000000009bc        0xc ./FreeRTOS_src/tasks.o
 .text.prvAllocateTCBAndStack
                0x00000000000009c8       0x64 ./FreeRTOS_src/tasks.o
 .text.pvPortMalloc
                0x0000000000000a2c      0x144 ./FreeRTOS_portable/MemMang/heap_2.o
                0x0000000000000a2c                pvPortMalloc
 .text.vPortFree
                0x0000000000000b70       0x74 ./FreeRTOS_portable/MemMang/heap_2.o
                0x0000000000000b70                vPortFree
 .text.pxPortInitialiseStack
                0x0000000000000be4       0x50 ./FreeRTOS_portable/port.o
                0x0000000000000be4                pxPortInitialiseStack
 .text.vPortSVCHandler
                0x0000000000000c34       0x24 ./FreeRTOS_portable/port.o
                0x0000000000000c34                vPortSVCHandler
 .text.vPortStartFirstTask
                0x0000000000000c58       0x18 ./FreeRTOS_portable/port.o
                0x0000000000000c58                vPortStartFirstTask
 .text.xPortStartScheduler
                0x0000000000000c70       0x38 ./FreeRTOS_portable/port.o
                0x0000000000000c70                xPortStartScheduler
 .text.vPortYieldFromISR
                0x0000000000000ca8       0x18 ./FreeRTOS_portable/port.o
                0x0000000000000ca8                vPortYieldFromISR
 .text.vPortEnterCritical
                0x0000000000000cc0       0x24 ./FreeRTOS_portable/port.o
                0x0000000000000cc0                vPortEnterCritical
 .text.vPortExitCritical
                0x0000000000000ce4       0x2c ./FreeRTOS_portable/port.o
                0x0000000000000ce4                vPortExitCritical
 .text.xPortPendSVHandler
                0x0000000000000d10       0x40 ./FreeRTOS_portable/port.o
                0x0000000000000d10                xPortPendSVHandler
 .text.xPortSysTickHandler
                0x0000000000000d50       0x28 ./FreeRTOS_portable/port.o
                0x0000000000000d50                xPortSysTickHandler
 .text.prvSetupTimerInterrupt
                0x0000000000000d78       0x24 ./FreeRTOS_portable/port.o
 .text.rnd_32   0x0000000000000d9c       0x78 /Users/nufer/Documents/Hes/TempsReel/workspace/TP1_ghostbuster_etu/Debug/libMyLab_lib.a(custom_rand.o)
                0x0000000000000d9c                rnd_32
 .text.init_rnd32
                0x0000000000000e14       0x6c /Users/nufer/Documents/Hes/TempsReel/workspace/TP1_ghostbuster_etu/Debug/libMyLab_lib.a(custom_rand.o)
                0x0000000000000e14                init_rnd32
 .text.LCD_RS_ENA
                0x0000000000000e80       0x38 /Users/nufer/Documents/Hes/TempsReel/workspace/TP1_ghostbuster_etu/Debug/libMyLab_lib.a(lcd.o)
 .text.LCD_RS_DIS
                0x0000000000000eb8       0x38 /Users/nufer/Documents/Hes/TempsReel/workspace/TP1_ghostbuster_etu/Debug/libMyLab_lib.a(lcd.o)
 .text.Write_Cmd_Data
                0x0000000000000ef0       0x24 /Users/nufer/Documents/Hes/TempsReel/workspace/TP1_ghostbuster_etu/Debug/libMyLab_lib.a(lcd.o)
                0x0000000000000ef0                Write_Cmd_Data
 .text.Write_Cmd
                0x0000000000000f14       0x24 /Users/nufer/Documents/Hes/TempsReel/workspace/TP1_ghostbuster_etu/Debug/libMyLab_lib.a(lcd.o)
                0x0000000000000f14                Write_Cmd
 .text.Write_Data
                0x0000000000000f38       0x30 /Users/nufer/Documents/Hes/TempsReel/workspace/TP1_ghostbuster_etu/Debug/libMyLab_lib.a(lcd.o)
                0x0000000000000f38                Write_Data
 .text.Write_Data_U16
                0x0000000000000f68       0x24 /Users/nufer/Documents/Hes/TempsReel/workspace/TP1_ghostbuster_etu/Debug/libMyLab_lib.a(lcd.o)
                0x0000000000000f68                Write_Data_U16
 .text.Delay    0x0000000000000f8c       0x30 /Users/nufer/Documents/Hes/TempsReel/workspace/TP1_ghostbuster_etu/Debug/libMyLab_lib.a(lcd.o)
                0x0000000000000f8c                Delay
 .text.ILI9341_Initial
                0x0000000000000fbc      0x21c /Users/nufer/Documents/Hes/TempsReel/workspace/TP1_ghostbuster_etu/Debug/libMyLab_lib.a(lcd.o)
                0x0000000000000fbc                ILI9341_Initial
 .text.init_lcd
                0x00000000000011d8       0x54 /Users/nufer/Documents/Hes/TempsReel/workspace/TP1_ghostbuster_etu/Debug/libMyLab_lib.a(lcd.o)
                0x00000000000011d8                init_lcd
 .text.LCD_SetPos
                0x000000000000122c       0xb0 /Users/nufer/Documents/Hes/TempsReel/workspace/TP1_ghostbuster_etu/Debug/libMyLab_lib.a(lcd.o)
                0x000000000000122c                LCD_SetPos
 .text.clear_screen
                0x00000000000012dc       0x48 /Users/nufer/Documents/Hes/TempsReel/workspace/TP1_ghostbuster_etu/Debug/libMyLab_lib.a(lcd.o)
                0x00000000000012dc                clear_screen
 .text.lcd_print_char
                0x0000000000001324      0x108 /Users/nufer/Documents/Hes/TempsReel/workspace/TP1_ghostbuster_etu/Debug/libMyLab_lib.a(lcd.o)
                0x0000000000001324                lcd_print_char
 .text.lcd_print
                0x000000000000142c       0xf8 /Users/nufer/Documents/Hes/TempsReel/workspace/TP1_ghostbuster_etu/Debug/libMyLab_lib.a(lcd.o)
                0x000000000000142c                lcd_print
 .text.read_bmp_file
                0x0000000000001524      0x1f0 /Users/nufer/Documents/Hes/TempsReel/workspace/TP1_ghostbuster_etu/Debug/libMyLab_lib.a(lcd.o)
                0x0000000000001524                read_bmp_file
 .text.display_bitmap16
                0x0000000000001714       0x70 /Users/nufer/Documents/Hes/TempsReel/workspace/TP1_ghostbuster_etu/Debug/libMyLab_lib.a(lcd.o)
                0x0000000000001714                display_bitmap16
 .text.ssp_init_custom
                0x0000000000001784       0x84 /Users/nufer/Documents/Hes/TempsReel/workspace/TP1_ghostbuster_etu/Debug/libMyLab_lib.a(ssp.o)
                0x0000000000001784                ssp_init_custom
 .text.ssp_send_buf
                0x0000000000001808       0x48 /Users/nufer/Documents/Hes/TempsReel/workspace/TP1_ghostbuster_etu/Debug/libMyLab_lib.a(ssp.o)
                0x0000000000001808                ssp_send_buf
 .text.NVIC_EnableIRQ
                0x0000000000001850       0x30 /Users/nufer/Documents/Hes/TempsReel/workspace/TP1_ghostbuster_etu/Debug/libMyLab_lib.a(traces.o)
 .text.NVIC_SetPendingIRQ
                0x0000000000001880       0x34 /Users/nufer/Documents/Hes/TempsReel/workspace/TP1_ghostbuster_etu/Debug/libMyLab_lib.a(traces.o)
 .text.start_timer
                0x00000000000018b4       0xa0 /Users/nufer/Documents/Hes/TempsReel/workspace/TP1_ghostbuster_etu/Debug/libMyLab_lib.a(traces.o)
                0x00000000000018b4                start_timer
 .text.write_trace_ref
                0x0000000000001954      0x134 /Users/nufer/Documents/Hes/TempsReel/workspace/TP1_ghostbuster_etu/Debug/libMyLab_lib.a(traces.o)
                0x0000000000001954                write_trace_ref
 .text.UART0_IRQHandler
                0x0000000000001a88       0x7c /Users/nufer/Documents/Hes/TempsReel/workspace/TP1_ghostbuster_etu/Debug/libMyLab_lib.a(traces.o)
                0x0000000000001a88                UART0_IRQHandler
 .text.init_traces
                0x0000000000001b04       0x44 /Users/nufer/Documents/Hes/TempsReel/workspace/TP1_ghostbuster_etu/Debug/libMyLab_lib.a(traces.o)
                0x0000000000001b04                init_traces
 .text.uart0_init
                0x0000000000001b48       0xac /Users/nufer/Documents/Hes/TempsReel/workspace/TP1_ghostbuster_etu/Debug/libMyLab_lib.a(uart.o)
                0x0000000000001b48                uart0_init
 .text.SystemInit
                0x0000000000001bf4       0xe4 /Users/nufer/Documents/Hes/TempsReel/workspace/CMSISv2p00_LPC17xx/Debug/libCMSISv2p00_LPC17xx.a(system_LPC17xx.o)
                0x0000000000001bf4                SystemInit
 .text.__main   0x0000000000001cd8       0x14 /Applications/lpcxpresso_8.2.2_650/lpcxpresso/tools/bin/../lib/gcc/arm-none-eabi/5.4.1/../../../../arm-none-eabi/lib/armv7-m/libcr_semihost.a(_cr__main.o)
                0x0000000000001cd8                __main
                0x0000000000001cd8                __CR_SEMIHOST
 .text.memcpy   0x0000000000001cec        0x4 /Applications/lpcxpresso_8.2.2_650/lpcxpresso/tools/bin/../lib/gcc/arm-none-eabi/5.4.1/../../../../arm-none-eabi/lib/armv7-m/libcr_c.a(memcpy.o)
                0x0000000000001cec                memcpy
 .text.memset   0x0000000000001cf0        0x4 /Applications/lpcxpresso_8.2.2_650/lpcxpresso/tools/bin/../lib/gcc/arm-none-eabi/5.4.1/../../../../arm-none-eabi/lib/armv7-m/libcr_c.a(memset.o)
                0x0000000000001cf0                memset
 .text.malloc   0x0000000000001cf4       0xc8 /Applications/lpcxpresso_8.2.2_650/lpcxpresso/tools/bin/../lib/gcc/arm-none-eabi/5.4.1/../../../../arm-none-eabi/lib/armv7-m/libcr_c.a(alloc.o)
                0x0000000000001cf4                malloc
 .text.free     0x0000000000001dbc       0x30 /Applications/lpcxpresso_8.2.2_650/lpcxpresso/tools/bin/../lib/gcc/arm-none-eabi/5.4.1/../../../../arm-none-eabi/lib/armv7-m/libcr_c.a(alloc.o)
                0x0000000000001dbc                free
 .text._Csys_alloc
                0x0000000000001dec       0x20 /Applications/lpcxpresso_8.2.2_650/lpcxpresso/tools/bin/../lib/gcc/arm-none-eabi/5.4.1/../../../../arm-none-eabi/lib/armv7-m/libcr_c.a(alloc.o)
                0x0000000000001dec                _Csys_alloc
 .text.fclose   0x0000000000001e0c       0x6c /Applications/lpcxpresso_8.2.2_650/lpcxpresso/tools/bin/../lib/gcc/arm-none-eabi/5.4.1/../../../../arm-none-eabi/lib/armv7-m/libcr_c.a(fclose.o)
                0x0000000000001e0c                fclose
 .text.fflush   0x0000000000001e78       0x30 /Applications/lpcxpresso_8.2.2_650/lpcxpresso/tools/bin/../lib/gcc/arm-none-eabi/5.4.1/../../../../arm-none-eabi/lib/armv7-m/libcr_c.a(fflush.o)
                0x0000000000001e78                fflush
 .text.fopen    0x0000000000001ea8       0x28 /Applications/lpcxpresso_8.2.2_650/lpcxpresso/tools/bin/../lib/gcc/arm-none-eabi/5.4.1/../../../../arm-none-eabi/lib/armv7-m/libcr_c.a(fopen.o)
                0x0000000000001ea8                fopen
 .text.fp_round
                0x0000000000001ed0       0x4c /Applications/lpcxpresso_8.2.2_650/lpcxpresso/tools/bin/../lib/gcc/arm-none-eabi/5.4.1/../../../../arm-none-eabi/lib/armv7-m/libcr_c.a(fpprintf.o)
 .text.pr_dec.constprop.1
                0x0000000000001f1c       0x26 /Applications/lpcxpresso_8.2.2_650/lpcxpresso/tools/bin/../lib/gcc/arm-none-eabi/5.4.1/../../../../arm-none-eabi/lib/armv7-m/libcr_c.a(fpprintf.o)
 *fill*         0x0000000000001f42        0x2 ff
 .text.sprintf  0x0000000000001f44       0x6c /Applications/lpcxpresso_8.2.2_650/lpcxpresso/tools/bin/../lib/gcc/arm-none-eabi/5.4.1/../../../../arm-none-eabi/lib/armv7-m/libcr_c.a(fpprintf.o)
                0x0000000000001f44                sprintf
 .text.fp_display
                0x0000000000001fb0      0x8ec /Applications/lpcxpresso_8.2.2_650/lpcxpresso/tools/bin/../lib/gcc/arm-none-eabi/5.4.1/../../../../arm-none-eabi/lib/armv7-m/libcr_c.a(fpprintf.o)
 .text.vsprintf
                0x000000000000289c       0x5c /Applications/lpcxpresso_8.2.2_650/lpcxpresso/tools/bin/../lib/gcc/arm-none-eabi/5.4.1/../../../../arm-none-eabi/lib/armv7-m/libcr_c.a(fpprintf.o)
                0x000000000000289c                vsprintf
 .text.vsnprintf
                0x00000000000028f8       0x5c /Applications/lpcxpresso_8.2.2_650/lpcxpresso/tools/bin/../lib/gcc/arm-none-eabi/5.4.1/../../../../arm-none-eabi/lib/armv7-m/libcr_c.a(fpprintf.o)
                0x00000000000028f8                vsnprintf
 .text.printf   0x0000000000002954       0x54 /Applications/lpcxpresso_8.2.2_650/lpcxpresso/tools/bin/../lib/gcc/arm-none-eabi/5.4.1/../../../../arm-none-eabi/lib/armv7-m/libcr_c.a(fpprintf.o)
                0x0000000000002954                printf
 .text.fread    0x00000000000029a8       0x1a /Applications/lpcxpresso_8.2.2_650/lpcxpresso/tools/bin/../lib/gcc/arm-none-eabi/5.4.1/../../../../arm-none-eabi/lib/armv7-m/libcr_c.a(fread.o)
                0x00000000000029a8                fread
 .text.freopen  0x00000000000029c2       0x88 /Applications/lpcxpresso_8.2.2_650/lpcxpresso/tools/bin/../lib/gcc/arm-none-eabi/5.4.1/../../../../arm-none-eabi/lib/armv7-m/libcr_c.a(freopen.o)
                0x00000000000029c2                freopen
 *fill*         0x0000000000002a4a        0x2 ff
 .text.fseek    0x0000000000002a4c      0x110 /Applications/lpcxpresso_8.2.2_650/lpcxpresso/tools/bin/../lib/gcc/arm-none-eabi/5.4.1/../../../../arm-none-eabi/lib/armv7-m/libcr_c.a(fseek.o)
                0x0000000000002a4c                fseek
 .text.ftell    0x0000000000002b5c       0x4c /Applications/lpcxpresso_8.2.2_650/lpcxpresso/tools/bin/../lib/gcc/arm-none-eabi/5.4.1/../../../../arm-none-eabi/lib/armv7-m/libcr_c.a(ftell.o)
                0x0000000000002b5c                ftell
 .text._initio  0x0000000000002ba8       0xa4 /Applications/lpcxpresso_8.2.2_650/lpcxpresso/tools/bin/../lib/gcc/arm-none-eabi/5.4.1/../../../../arm-none-eabi/lib/armv7-m/libcr_c.a(initio.o)
                0x0000000000002ba8                _initio
 .text._terminateio
                0x0000000000002c4c       0x44 /Applications/lpcxpresso_8.2.2_650/lpcxpresso/tools/bin/../lib/gcc/arm-none-eabi/5.4.1/../../../../arm-none-eabi/lib/armv7-m/libcr_c.a(initio.o)
                0x0000000000002c4c                _terminateio
 .text.__vfprintf
                0x0000000000002c90      0xd28 /Applications/lpcxpresso_8.2.2_650/lpcxpresso/tools/bin/../lib/gcc/arm-none-eabi/5.4.1/../../../../arm-none-eabi/lib/armv7-m/libcr_c.a(printf.o)
                0x0000000000002c90                __vfprintf
 .text.remove   0x00000000000039b8       0x14 /Applications/lpcxpresso_8.2.2_650/lpcxpresso/tools/bin/../lib/gcc/arm-none-eabi/5.4.1/../../../../arm-none-eabi/lib/armv7-m/libcr_c.a(remove.o)
                0x00000000000039b8                remove
 .text.setvbuf  0x00000000000039cc       0x40 /Applications/lpcxpresso_8.2.2_650/lpcxpresso/tools/bin/../lib/gcc/arm-none-eabi/5.4.1/../../../../arm-none-eabi/lib/armv7-m/libcr_c.a(setvbuf.o)
                0x00000000000039cc                setvbuf
 .text.exit     0x0000000000003a0c       0x2c /Applications/lpcxpresso_8.2.2_650/lpcxpresso/tools/bin/../lib/gcc/arm-none-eabi/5.4.1/../../../../arm-none-eabi/lib/armv7-m/libcr_c.a(stdlib.o)
                0x0000000000003a0c                exit
 .text.strlen   0x0000000000003a38       0x4a /Applications/lpcxpresso_8.2.2_650/lpcxpresso/tools/bin/../lib/gcc/arm-none-eabi/5.4.1/../../../../arm-none-eabi/lib/armv7-m/libcr_c.a(strlen.o)
                0x0000000000003a38                strlen
 .text.strncpy  0x0000000000003a82       0x56 /Applications/lpcxpresso_8.2.2_650/lpcxpresso/tools/bin/../lib/gcc/arm-none-eabi/5.4.1/../../../../arm-none-eabi/lib/armv7-m/libcr_c.a(strncpy.o)
                0x0000000000003a82                strncpy
 .text._Csys_read_
                0x0000000000003ad8       0x22 /Applications/lpcxpresso_8.2.2_650/lpcxpresso/tools/bin/../lib/gcc/arm-none-eabi/5.4.1/../../../../arm-none-eabi/lib/armv7-m/libcr_c.a(__fillbuf.o)
                0x0000000000003ad8                _Csys_read_
 *fill*         0x0000000000003afa        0x2 ff
 .text.__filbuf
                0x0000000000003afc      0x178 /Applications/lpcxpresso_8.2.2_650/lpcxpresso/tools/bin/../lib/gcc/arm-none-eabi/5.4.1/../../../../arm-none-eabi/lib/armv7-m/libcr_c.a(__fillbuf.o)
                0x0000000000003afc                __filbuf
 .text._fillb2  0x0000000000003c74       0x1c /Applications/lpcxpresso_8.2.2_650/lpcxpresso/tools/bin/../lib/gcc/arm-none-eabi/5.4.1/../../../../arm-none-eabi/lib/armv7-m/libcr_c.a(__fillbuf.o)
                0x0000000000003c74                _fillb2
 .text._sbrk    0x0000000000003c90       0x40 /Applications/lpcxpresso_8.2.2_650/lpcxpresso/tools/bin/../lib/gcc/arm-none-eabi/5.4.1/../../../../arm-none-eabi/lib/armv7-m/libcr_c.a(_cr_sbrk.o)
                0x0000000000003c90                _sbrk
 .text._deferredlazyseek
                0x0000000000003cd0       0x44 /Applications/lpcxpresso_8.2.2_650/lpcxpresso/tools/bin/../lib/gcc/arm-none-eabi/5.4.1/../../../../arm-none-eabi/lib/armv7-m/libcr_c.a(_deferredlazyseek.o)
                0x0000000000003cd0                _deferredlazyseek
 .text.__flsbuf
                0x0000000000003d14      0x140 /Applications/lpcxpresso_8.2.2_650/lpcxpresso/tools/bin/../lib/gcc/arm-none-eabi/5.4.1/../../../../arm-none-eabi/lib/armv7-m/libcr_c.a(_deferredlazyseek.o)
                0x0000000000003d14                __flsbuf
 .text._do_fflush
                0x0000000000003e54       0x44 /Applications/lpcxpresso_8.2.2_650/lpcxpresso/tools/bin/../lib/gcc/arm-none-eabi/5.4.1/../../../../arm-none-eabi/lib/armv7-m/libcr_c.a(_do_fflush.o)
                0x0000000000003e54                _do_fflush
 .text._fdopen  0x0000000000003e98       0x6a /Applications/lpcxpresso_8.2.2_650/lpcxpresso/tools/bin/../lib/gcc/arm-none-eabi/5.4.1/../../../../arm-none-eabi/lib/armv7-m/libcr_c.a(_fdopen.o)
                0x0000000000003e98                _fdopen
 .text._fflush  0x0000000000003f02       0x58 /Applications/lpcxpresso_8.2.2_650/lpcxpresso/tools/bin/../lib/gcc/arm-none-eabi/5.4.1/../../../../arm-none-eabi/lib/armv7-m/libcr_c.a(_fflush.o)
                0x0000000000003f02                _fflush
 .text._frexpl  0x0000000000003f5a       0x5a /Applications/lpcxpresso_8.2.2_650/lpcxpresso/tools/bin/../lib/gcc/arm-none-eabi/5.4.1/../../../../arm-none-eabi/lib/armv7-m/libcr_c.a(_frexpl.o)
                0x0000000000003f5a                _frexpl
 .text._ldexpl  0x0000000000003fb4       0x4c /Applications/lpcxpresso_8.2.2_650/lpcxpresso/tools/bin/../lib/gcc/arm-none-eabi/5.4.1/../../../../arm-none-eabi/lib/armv7-m/libcr_c.a(_ldexpl.o)
                0x0000000000003fb4                _ldexpl
 .text._Cread   0x0000000000004000       0x8c /Applications/lpcxpresso_8.2.2_650/lpcxpresso/tools/bin/../lib/gcc/arm-none-eabi/5.4.1/../../../../arm-none-eabi/lib/armv7-m/libcr_c.a(_read.o)
                0x0000000000004000                _Cread
 .text._Cwritebuf
                0x000000000000408c       0x68 /Applications/lpcxpresso_8.2.2_650/lpcxpresso/tools/bin/../lib/gcc/arm-none-eabi/5.4.1/../../../../arm-none-eabi/lib/armv7-m/libcr_c.a(_writebuf.o)
                0x000000000000408c                _Cwritebuf
 .text.__check_heap_overflow
                0x00000000000040f4       0x18 /Applications/lpcxpresso_8.2.2_650/lpcxpresso/tools/bin/../lib/gcc/arm-none-eabi/5.4.1/../../../../arm-none-eabi/lib/armv7-m/libcr_c.a(_cr_check_heap.o)
                0x00000000000040f4                __check_heap_overflow
 .text.__aeabi_dmul
                0x000000000000410c      0x110 /Applications/lpcxpresso_8.2.2_650/lpcxpresso/tools/bin/../lib/gcc/arm-none-eabi/5.4.1/armv7-m/libcr_eabihelpers.a(double.o)
                0x000000000000410c                __aeabi_dmul
 .text.__aeabi_ddiv
                0x000000000000421c      0x138 /Applications/lpcxpresso_8.2.2_650/lpcxpresso/tools/bin/../lib/gcc/arm-none-eabi/5.4.1/armv7-m/libcr_eabihelpers.a(double.o)
                0x000000000000421c                __aeabi_ddiv
 .text.__aeabi_dsub
                0x0000000000004354      0x1a0 /Applications/lpcxpresso_8.2.2_650/lpcxpresso/tools/bin/../lib/gcc/arm-none-eabi/5.4.1/armv7-m/libcr_eabihelpers.a(double.o)
                0x0000000000004354                __aeabi_dsub
 .text.__aeabi_dadd
                0x00000000000044f4      0x10c /Applications/lpcxpresso_8.2.2_650/lpcxpresso/tools/bin/../lib/gcc/arm-none-eabi/5.4.1/armv7-m/libcr_eabihelpers.a(double.o)
                0x00000000000044f4                __aeabi_dadd
 .text.__aeabi_d2iz
                0x0000000000004600       0x40 /Applications/lpcxpresso_8.2.2_650/lpcxpresso/tools/bin/../lib/gcc/arm-none-eabi/5.4.1/armv7-m/libcr_eabihelpers.a(double.o)
                0x0000000000004600                __aeabi_d2iz
 .text.__bhs_ui2d
                0x0000000000004640       0x46 /Applications/lpcxpresso_8.2.2_650/lpcxpresso/tools/bin/../lib/gcc/arm-none-eabi/5.4.1/armv7-m/libcr_eabihelpers.a(double.o)
                0x0000000000004640                __bhs_ui2d
 .text.__aeabi_i2d
                0x0000000000004686       0x10 /Applications/lpcxpresso_8.2.2_650/lpcxpresso/tools/bin/../lib/gcc/arm-none-eabi/5.4.1/armv7-m/libcr_eabihelpers.a(double.o)
                0x0000000000004686                __aeabi_i2d
 .text.__aeabi_dcmpeq
                0x0000000000004696       0x2c /Applications/lpcxpresso_8.2.2_650/lpcxpresso/tools/bin/../lib/gcc/arm-none-eabi/5.4.1/armv7-m/libcr_eabihelpers.a(double.o)
                0x0000000000004696                __aeabi_dcmpeq
 .text.__aeabi_dcmplt
                0x00000000000046c2       0x54 /Applications/lpcxpresso_8.2.2_650/lpcxpresso/tools/bin/../lib/gcc/arm-none-eabi/5.4.1/armv7-m/libcr_eabihelpers.a(double.o)
                0x00000000000046c2                __aeabi_dcmplt
 .text.__aeabi_dcmple
                0x0000000000004716       0x54 /Applications/lpcxpresso_8.2.2_650/lpcxpresso/tools/bin/../lib/gcc/arm-none-eabi/5.4.1/armv7-m/libcr_eabihelpers.a(double.o)
                0x0000000000004716                __aeabi_dcmple
 .text.__aeabi_dcmpge
                0x000000000000476a       0x54 /Applications/lpcxpresso_8.2.2_650/lpcxpresso/tools/bin/../lib/gcc/arm-none-eabi/5.4.1/armv7-m/libcr_eabihelpers.a(double.o)
                0x000000000000476a                __aeabi_dcmpge
 .text.__aeabi_memcpy
                0x00000000000047be       0x34 /Applications/lpcxpresso_8.2.2_650/lpcxpresso/tools/bin/../lib/gcc/arm-none-eabi/5.4.1/armv7-m/libcr_eabihelpers.a(memcpy.o)
                0x00000000000047be                __aeabi_memcpy
                0x00000000000047c8                __aeabi_memcpy4
                0x00000000000047c8                __aeabi_memcpy8
 .text.__aeabi_memset_lowlevel
                0x00000000000047f2       0x32 /Applications/lpcxpresso_8.2.2_650/lpcxpresso/tools/bin/../lib/gcc/arm-none-eabi/5.4.1/armv7-m/libcr_eabihelpers.a(memcpy.o)
                0x00000000000047f2                __aeabi_lowlevel_memset
 .text.__sys_appexit
                0x0000000000004824        0xc /Applications/lpcxpresso_8.2.2_650/lpcxpresso/tools/bin/../lib/gcc/arm-none-eabi/5.4.1/../../../../arm-none-eabi/lib/armv7-m/libcr_semihost.a(__sys_appexit.o)
                0x0000000000004824                __exit
                0x0000000000004824                __sys_appexit
 .text.__sys_close
                0x0000000000004830        0xc /Applications/lpcxpresso_8.2.2_650/lpcxpresso/tools/bin/../lib/gcc/arm-none-eabi/5.4.1/../../../../arm-none-eabi/lib/armv7-m/libcr_semihost.a(__sys_close.o)
                0x0000000000004830                __sys_close
 .text.__sys_flen
                0x000000000000483c        0xc /Applications/lpcxpresso_8.2.2_650/lpcxpresso/tools/bin/../lib/gcc/arm-none-eabi/5.4.1/../../../../arm-none-eabi/lib/armv7-m/libcr_semihost.a(__sys_flen.o)
                0x000000000000483c                __sys_flen
 .text.__sys_istty
                0x0000000000004848        0xc /Applications/lpcxpresso_8.2.2_650/lpcxpresso/tools/bin/../lib/gcc/arm-none-eabi/5.4.1/../../../../arm-none-eabi/lib/armv7-m/libcr_semihost.a(__sys_istty.o)
                0x0000000000004848                __sys_istty
 .text.__sys_open
                0x0000000000004854        0xc /Applications/lpcxpresso_8.2.2_650/lpcxpresso/tools/bin/../lib/gcc/arm-none-eabi/5.4.1/../../../../arm-none-eabi/lib/armv7-m/libcr_semihost.a(__sys_open.o)
                0x0000000000004854                __sys_open
 .text.__sys_read
                0x0000000000004860        0xc /Applications/lpcxpresso_8.2.2_650/lpcxpresso/tools/bin/../lib/gcc/arm-none-eabi/5.4.1/../../../../arm-none-eabi/lib/armv7-m/libcr_semihost.a(__sys_read.o)
                0x0000000000004860                __sys_read
 .text.__sys_readc
                0x000000000000486c        0x8 /Applications/lpcxpresso_8.2.2_650/lpcxpresso/tools/bin/../lib/gcc/arm-none-eabi/5.4.1/../../../../arm-none-eabi/lib/armv7-m/libcr_semihost.a(__sys_readc.o)
                0x000000000000486c                __readc
                0x000000000000486c                __sys_readc
 .text.__sys_remove
                0x0000000000004874        0xc /Applications/lpcxpresso_8.2.2_650/lpcxpresso/tools/bin/../lib/gcc/arm-none-eabi/5.4.1/../../../../arm-none-eabi/lib/armv7-m/libcr_semihost.a(__sys_remove.o)
                0x0000000000004874                __sys_remove
 .text.__sys_seek
                0x0000000000004880        0xc /Applications/lpcxpresso_8.2.2_650/lpcxpresso/tools/bin/../lib/gcc/arm-none-eabi/5.4.1/../../../../arm-none-eabi/lib/armv7-m/libcr_semihost.a(__sys_seek.o)
                0x0000000000004880                __sys_seek
 .text.__sys_tmpnam
                0x000000000000488c        0xc /Applications/lpcxpresso_8.2.2_650/lpcxpresso/tools/bin/../lib/gcc/arm-none-eabi/5.4.1/../../../../arm-none-eabi/lib/armv7-m/libcr_semihost.a(__sys_tmpnam.o)
                0x000000000000488c                __sys_tmpnam
 .text.__sys_write
                0x0000000000004898        0xc /Applications/lpcxpresso_8.2.2_650/lpcxpresso/tools/bin/../lib/gcc/arm-none-eabi/5.4.1/../../../../arm-none-eabi/lib/armv7-m/libcr_semihost.a(__sys_write.o)
                0x0000000000004898                __write
                0x0000000000004898                __sys_write
 *(.rodata .rodata.* .constdata .constdata.*)
 .rodata        0x00000000000048a4       0x1a ./src/tp1_ghostbuster.o
 *fill*         0x00000000000048be        0x2 ff
 .rodata        0x00000000000048c0        0x5 ./FreeRTOS_src/tasks.o
 *fill*         0x00000000000048c5        0x3 ff
 .rodata        0x00000000000048c8      0x18b /Users/nufer/Documents/Hes/TempsReel/workspace/TP1_ghostbuster_etu/Debug/libMyLab_lib.a(lcd.o)
 *fill*         0x0000000000004a53        0x1 ff
 .rodata        0x0000000000004a54       0xcc /Users/nufer/Documents/Hes/TempsReel/workspace/TP1_ghostbuster_etu/Debug/libMyLab_lib.a(traces.o)
 .rodata.SmallFont
                0x0000000000004b20      0x478 /Users/nufer/Documents/Hes/TempsReel/workspace/TP1_ghostbuster_etu/Debug/libMyLab_lib.a(fonts.o)
                0x0000000000004b20                SmallFont
 .rodata.BigFont
                0x0000000000004f98      0xbe4 /Users/nufer/Documents/Hes/TempsReel/workspace/TP1_ghostbuster_etu/Debug/libMyLab_lib.a(fonts.o)
                0x0000000000004f98                BigFont
 .rodata.str1.1
                0x0000000000005b7c       0x18 /Applications/lpcxpresso_8.2.2_650/lpcxpresso/tools/bin/../lib/gcc/arm-none-eabi/5.4.1/../../../../arm-none-eabi/lib/armv7-m/libcr_c.a(alloc.o)
 .rodata.str1.1
                0x0000000000005b94       0x34 /Applications/lpcxpresso_8.2.2_650/lpcxpresso/tools/bin/../lib/gcc/arm-none-eabi/5.4.1/../../../../arm-none-eabi/lib/armv7-m/libcr_c.a(fpprintf.o)
                                         0x35 (size before relaxing)
 .rodata.str1.1
                0x0000000000005bc8        0x4 /Applications/lpcxpresso_8.2.2_650/lpcxpresso/tools/bin/../lib/gcc/arm-none-eabi/5.4.1/../../../../arm-none-eabi/lib/armv7-m/libcr_c.a(initio.o)
 .rodata.str1.1
                0x0000000000005bcc       0x31 /Applications/lpcxpresso_8.2.2_650/lpcxpresso/tools/bin/../lib/gcc/arm-none-eabi/5.4.1/../../../../arm-none-eabi/lib/armv7-m/libcr_c.a(printf.o)
                                         0x38 (size before relaxing)
 *fill*         0x0000000000005bfd        0x3 ff
 .rodata.__huge_vall
                0x0000000000005c00        0x8 /Applications/lpcxpresso_8.2.2_650/lpcxpresso/tools/bin/../lib/gcc/arm-none-eabi/5.4.1/../../../../arm-none-eabi/lib/armv7-m/libcr_c.a(_hugeval.o)
                0x0000000000005c00                __huge_vall
                0x0000000000005c08                . = ALIGN (0x4)

.glue_7         0x0000000000005c08        0x0
 .glue_7        0x0000000000005c08        0x0 linker stubs

.glue_7t        0x0000000000005c08        0x0
 .glue_7t       0x0000000000005c08        0x0 linker stubs

.vfp11_veneer   0x0000000000005c08        0x0
 .vfp11_veneer  0x0000000000005c08        0x0 linker stubs

.v4_bx          0x0000000000005c08        0x0
 .v4_bx         0x0000000000005c08        0x0 linker stubs

.iplt           0x0000000000005c08        0x0
 .iplt          0x0000000000005c08        0x0 ./src/cr_startup_lpc17.o

.rel.dyn        0x0000000000005c08        0x0
 .rel.iplt      0x0000000000005c08        0x0 ./src/cr_startup_lpc17.o

.ARM.extab
 *(.ARM.extab* .gnu.linkonce.armextab.*)
                0x0000000000005c08                __exidx_start = .

.ARM.exidx
 *(.ARM.exidx* .gnu.linkonce.armexidx.*)
                0x0000000000005c08                __exidx_end = .
                0x0000000000005c08                _etext = .

.data_RAM2      0x000000002007c000       0x18 load address 0x0000000000005c08
 FILL mask 0xff
                [!provide]                        PROVIDE (__start_data_RAM2, .)
 *(.ramfunc.$RAM2)
 *(.ramfunc.$RamAHB32)
 *(.data.$RAM2*)
 .data.$RAM2    0x000000002007c000       0x18 ./src/tp1_ghostbuster.o
                0x000000002007c000                ghost_im_left
                0x000000002007c008                ghost_im_right
                0x000000002007c010                ghost_im_center
 *(.data.$RamAHB32*)
                0x000000002007c018                . = ALIGN (0x4)
                [!provide]                        PROVIDE (__end_data_RAM2, .)

.uninit_RESERVED
                0x0000000010000000        0x0
 *(.bss.$RESERVED*)
                0x0000000010000000                . = ALIGN (0x4)
                0x0000000010000000                _end_uninit_RESERVED = .

.data           0x0000000010000000       0xf0 load address 0x0000000000005c20
 FILL mask 0xff
                0x0000000010000000                _data = .
 *(vtable)
 *(.ramfunc*)
 *(.data*)
 .data.previous_id_in
                0x0000000010000000        0x4 ./FreeRTOS_src/tasks.o
 .data.xNextTaskUnblockTime
                0x0000000010000004        0x4 ./FreeRTOS_src/tasks.o
 .data.xFreeBytesRemaining
                0x0000000010000008        0x4 ./FreeRTOS_portable/MemMang/heap_2.o
 .data.uxCriticalNesting
                0x000000001000000c        0x4 ./FreeRTOS_portable/port.o
 .data.olds     0x0000000010000010       0xdc /Users/nufer/Documents/Hes/TempsReel/workspace/TP1_ghostbuster_etu/Debug/libMyLab_lib.a(custom_rand.o)
                0x0000000010000010                olds
 .data.SystemCoreClock
                0x00000000100000ec        0x4 /Users/nufer/Documents/Hes/TempsReel/workspace/CMSISv2p00_LPC17xx/Debug/libCMSISv2p00_LPC17xx.a(system_LPC17xx.o)
                0x00000000100000ec                SystemCoreClock
                0x00000000100000f0                . = ALIGN (0x4)
                0x00000000100000f0                _edata = .

.igot.plt       0x00000000100000f0        0x0 load address 0x0000000000005d10
 .igot.plt      0x00000000100000f0        0x0 ./src/cr_startup_lpc17.o

.bss_RAM2       0x000000002007c018        0x0
                [!provide]                        PROVIDE (__start_bss_RAM2, .)
 *(.bss.$RAM2*)
 *(.bss.$RamAHB32*)
                0x000000002007c018                . = ALIGN ((. != 0x0)?0x4:0x1)
                0x000000002007c018                PROVIDE (__end_bss_RAM2, .)

.bss            0x00000000100000f0     0x5b58
                0x00000000100000f0                _bss = .
 *(.bss*)
 .bss.pxCurrentTCB
                0x00000000100000f0        0x4 ./FreeRTOS_src/tasks.o
                0x00000000100000f0                pxCurrentTCB
 .bss.pxReadyTasksLists
                0x00000000100000f4       0x64 ./FreeRTOS_src/tasks.o
 .bss.xDelayedTaskList1
                0x0000000010000158       0x14 ./FreeRTOS_src/tasks.o
 .bss.xDelayedTaskList2
                0x000000001000016c       0x14 ./FreeRTOS_src/tasks.o
 .bss.pxDelayedTaskList
                0x0000000010000180        0x4 ./FreeRTOS_src/tasks.o
 .bss.pxOverflowDelayedTaskList
                0x0000000010000184        0x4 ./FreeRTOS_src/tasks.o
 .bss.xPendingReadyList
                0x0000000010000188       0x14 ./FreeRTOS_src/tasks.o
 .bss.uxCurrentNumberOfTasks
                0x000000001000019c        0x4 ./FreeRTOS_src/tasks.o
 .bss.xTickCount
                0x00000000100001a0        0x4 ./FreeRTOS_src/tasks.o
 .bss.uxTopUsedPriority
                0x00000000100001a4        0x4 ./FreeRTOS_src/tasks.o
 .bss.uxTopReadyPriority
                0x00000000100001a8        0x4 ./FreeRTOS_src/tasks.o
 .bss.xSchedulerRunning
                0x00000000100001ac        0x4 ./FreeRTOS_src/tasks.o
 .bss.uxSchedulerSuspended
                0x00000000100001b0        0x4 ./FreeRTOS_src/tasks.o
 .bss.uxMissedTicks
                0x00000000100001b4        0x4 ./FreeRTOS_src/tasks.o
 .bss.xMissedYield
                0x00000000100001b8        0x4 ./FreeRTOS_src/tasks.o
 .bss.xNumOfOverflows
                0x00000000100001bc        0x4 ./FreeRTOS_src/tasks.o
 .bss.uxTaskNumber
                0x00000000100001c0        0x4 ./FreeRTOS_src/tasks.o
 *fill*         0x00000000100001c4        0x4 
 .bss.xHeap     0x00000000100001c8     0x5000 ./FreeRTOS_portable/MemMang/heap_2.o
 .bss.xStart    0x00000000100051c8        0x8 ./FreeRTOS_portable/MemMang/heap_2.o
 .bss.xEnd      0x00000000100051d0        0x8 ./FreeRTOS_portable/MemMang/heap_2.o
 .bss.xHeapHasBeenInitialised.4128
                0x00000000100051d8        0x4 ./FreeRTOS_portable/MemMang/heap_2.o
 .bss.write_idx
                0x00000000100051dc        0x4 /Users/nufer/Documents/Hes/TempsReel/workspace/TP1_ghostbuster_etu/Debug/libMyLab_lib.a(traces.o)
                0x00000000100051dc                write_idx
 .bss.read_idx  0x00000000100051e0        0x4 /Users/nufer/Documents/Hes/TempsReel/workspace/TP1_ghostbuster_etu/Debug/libMyLab_lib.a(traces.o)
                0x00000000100051e0                read_idx
 .bss.int_enabled
                0x00000000100051e4        0x1 /Users/nufer/Documents/Hes/TempsReel/workspace/TP1_ghostbuster_etu/Debug/libMyLab_lib.a(traces.o)
 .bss.trace_init_done
                0x00000000100051e5        0x1 /Users/nufer/Documents/Hes/TempsReel/workspace/TP1_ghostbuster_etu/Debug/libMyLab_lib.a(traces.o)
 *fill*         0x00000000100051e6        0x2 
 .bss._extra    0x00000000100051e8        0x4 /Applications/lpcxpresso_8.2.2_650/lpcxpresso/tools/bin/../lib/gcc/arm-none-eabi/5.4.1/../../../../arm-none-eabi/lib/armv7-m/libcr_c.a(initio.o)
                0x00000000100051e8                _extra
 .bss.__Ciob    0x00000000100051ec      0x140 /Applications/lpcxpresso_8.2.2_650/lpcxpresso/tools/bin/../lib/gcc/arm-none-eabi/5.4.1/../../../../arm-none-eabi/lib/armv7-m/libcr_c.a(stdio.o)
                0x00000000100051ec                __Ciob
 .bss._exitvector
                0x000000001000532c       0x84 /Applications/lpcxpresso_8.2.2_650/lpcxpresso/tools/bin/../lib/gcc/arm-none-eabi/5.4.1/../../../../arm-none-eabi/lib/armv7-m/libcr_c.a(stdlib.o)
                0x000000001000532c                _exitvector
 .bss._number_of_exit_functions
                0x00000000100053b0        0x4 /Applications/lpcxpresso_8.2.2_650/lpcxpresso/tools/bin/../lib/gcc/arm-none-eabi/5.4.1/../../../../arm-none-eabi/lib/armv7-m/libcr_c.a(stdlib.o)
                0x00000000100053b0                _number_of_exit_functions
 .bss.__heaps   0x00000000100053b4        0x4 /Applications/lpcxpresso_8.2.2_650/lpcxpresso/tools/bin/../lib/gcc/arm-none-eabi/5.4.1/../../../../arm-none-eabi/lib/armv7-m/libcr_c.a(__init_alloc.o)
                0x00000000100053b4                __heaps
 .bss.__end_of_heap
                0x00000000100053b8        0x4 /Applications/lpcxpresso_8.2.2_650/lpcxpresso/tools/bin/../lib/gcc/arm-none-eabi/5.4.1/../../../../arm-none-eabi/lib/armv7-m/libcr_c.a(__init_alloc.o)
                0x00000000100053b8                __end_of_heap
 .bss.errno     0x00000000100053bc        0x4 /Applications/lpcxpresso_8.2.2_650/lpcxpresso/tools/bin/../lib/gcc/arm-none-eabi/5.4.1/../../../../arm-none-eabi/lib/armv7-m/libcr_c.a(errno.o)
                0x00000000100053bc                errno
 *(COMMON)
 COMMON         0x00000000100053c0       0x7c ./src/tp1_ghostbuster.o
                0x00000000100053c0                ghost_width
                0x00000000100053c2                ghost_height
                0x00000000100053c4                object
 COMMON         0x000000001000543c        0x8 /Users/nufer/Documents/Hes/TempsReel/workspace/TP1_ghostbuster_etu/Debug/libMyLab_lib.a(custom_rand.o)
                0x000000001000543c                _j
                0x0000000010005440                _k
 COMMON         0x0000000010005444      0x804 /Users/nufer/Documents/Hes/TempsReel/workspace/TP1_ghostbuster_etu/Debug/libMyLab_lib.a(traces.o)
                0x0000000010005444                timer_counter
                0x0000000010005448                trace_buffer
                0x0000000010005c48                . = ALIGN (0x4)
                0x0000000010005c48                _ebss = .
                [!provide]                        PROVIDE (end, .)

.noinit_RAM2    0x000000002007c018        0x0
 *(.noinit.$RAM2*)
 *(.noinit.$RamAHB32*)
                0x000000002007c018                . = ALIGN (0x4)

.noinit         0x0000000010005c48        0x0
                0x0000000010005c48                _noinit = .
 *(.noinit*)
                0x0000000010005c48                . = ALIGN (0x4)
                0x0000000010005c48                _end_noinit = .
                0x0000000010005c48                PROVIDE (_pvHeapStart, DEFINED (__user_heap_base)?__user_heap_base:.)
                0x0000000010008000                PROVIDE (_vStackTop, DEFINED (__user_stack_top)?__user_stack_top:(__top_RamLoc32 - 0x0))
                [!provide]                        PROVIDE (__valid_user_code_checksum, (0x0 - ((((((_vStackTop + (ResetISR + 0x1)) + (NMI_Handler + 0x1)) + (HardFault_Handler + 0x1)) + (DEFINED (MemManage_Handler)?MemManage_Handler:0x0 + 0x1)) + (DEFINED (BusFault_Handler)?BusFault_Handler:0x0 + 0x1)) + (DEFINED (UsageFault_Handler)?UsageFault_Handler:0x0 + 0x1))))
OUTPUT(TP1_ghostbuster_etu.axf elf32-littlearm)

.debug_info     0x0000000000000000     0x43eb
 .debug_info    0x0000000000000000      0x259 ./src/cr_startup_lpc17.o
 .debug_info    0x0000000000000259      0x377 ./src/tp1_ghostbuster.o
 .debug_info    0x00000000000005d0       0xd7 ./src/trace_mgt.o
 .debug_info    0x00000000000006a7      0x264 ./FreeRTOS_src/list.o
 .debug_info    0x000000000000090b      0xa47 ./FreeRTOS_src/tasks.o
 .debug_info    0x0000000000001352      0x295 ./FreeRTOS_portable/MemMang/heap_2.o
 .debug_info    0x00000000000015e7      0x1c6 ./FreeRTOS_portable/port.o
 .debug_info    0x00000000000017ad      0x126 /Users/nufer/Documents/Hes/TempsReel/workspace/TP1_ghostbuster_etu/Debug/libMyLab_lib.a(custom_rand.o)
 .debug_info    0x00000000000018d3     0x10ee /Users/nufer/Documents/Hes/TempsReel/workspace/TP1_ghostbuster_etu/Debug/libMyLab_lib.a(lcd.o)
 .debug_info    0x00000000000029c1      0x5d3 /Users/nufer/Documents/Hes/TempsReel/workspace/TP1_ghostbuster_etu/Debug/libMyLab_lib.a(ssp.o)
 .debug_info    0x0000000000002f94      0xa01 /Users/nufer/Documents/Hes/TempsReel/workspace/TP1_ghostbuster_etu/Debug/libMyLab_lib.a(traces.o)
 .debug_info    0x0000000000003995      0x699 /Users/nufer/Documents/Hes/TempsReel/workspace/TP1_ghostbuster_etu/Debug/libMyLab_lib.a(uart.o)
 .debug_info    0x000000000000402e       0xa5 /Users/nufer/Documents/Hes/TempsReel/workspace/TP1_ghostbuster_etu/Debug/libMyLab_lib.a(fonts.o)
 .debug_info    0x00000000000040d3      0x318 /Users/nufer/Documents/Hes/TempsReel/workspace/CMSISv2p00_LPC17xx/Debug/libCMSISv2p00_LPC17xx.a(system_LPC17xx.o)

.debug_abbrev   0x0000000000000000     0x11a7
 .debug_abbrev  0x0000000000000000      0x100 ./src/cr_startup_lpc17.o
 .debug_abbrev  0x0000000000000100      0x191 ./src/tp1_ghostbuster.o
 .debug_abbrev  0x0000000000000291       0x8a ./src/trace_mgt.o
 .debug_abbrev  0x000000000000031b       0xbf ./FreeRTOS_src/list.o
 .debug_abbrev  0x00000000000003da      0x1e8 ./FreeRTOS_src/tasks.o
 .debug_abbrev  0x00000000000005c2      0x16b ./FreeRTOS_portable/MemMang/heap_2.o
 .debug_abbrev  0x000000000000072d      0x11d ./FreeRTOS_portable/port.o
 .debug_abbrev  0x000000000000084a       0xc2 /Users/nufer/Documents/Hes/TempsReel/workspace/TP1_ghostbuster_etu/Debug/libMyLab_lib.a(custom_rand.o)
 .debug_abbrev  0x000000000000090c      0x25b /Users/nufer/Documents/Hes/TempsReel/workspace/TP1_ghostbuster_etu/Debug/libMyLab_lib.a(lcd.o)
 .debug_abbrev  0x0000000000000b67      0x163 /Users/nufer/Documents/Hes/TempsReel/workspace/TP1_ghostbuster_etu/Debug/libMyLab_lib.a(ssp.o)
 .debug_abbrev  0x0000000000000cca      0x213 /Users/nufer/Documents/Hes/TempsReel/workspace/TP1_ghostbuster_etu/Debug/libMyLab_lib.a(traces.o)
 .debug_abbrev  0x0000000000000edd      0x19c /Users/nufer/Documents/Hes/TempsReel/workspace/TP1_ghostbuster_etu/Debug/libMyLab_lib.a(uart.o)
 .debug_abbrev  0x0000000000001079       0x48 /Users/nufer/Documents/Hes/TempsReel/workspace/TP1_ghostbuster_etu/Debug/libMyLab_lib.a(fonts.o)
 .debug_abbrev  0x00000000000010c1       0xe6 /Users/nufer/Documents/Hes/TempsReel/workspace/CMSISv2p00_LPC17xx/Debug/libCMSISv2p00_LPC17xx.a(system_LPC17xx.o)

.debug_aranges  0x0000000000000000      0x4c0
 .debug_aranges
                0x0000000000000000       0x68 ./src/cr_startup_lpc17.o
 .debug_aranges
                0x0000000000000068       0x58 ./src/tp1_ghostbuster.o
 .debug_aranges
                0x00000000000000c0       0x20 ./src/trace_mgt.o
 .debug_aranges
                0x00000000000000e0       0x40 ./FreeRTOS_src/list.o
 .debug_aranges
                0x0000000000000120       0xe0 ./FreeRTOS_src/tasks.o
 .debug_aranges
                0x0000000000000200       0x38 ./FreeRTOS_portable/MemMang/heap_2.o
 .debug_aranges
                0x0000000000000238       0x70 ./FreeRTOS_portable/port.o
 .debug_aranges
                0x00000000000002a8       0x28 /Users/nufer/Documents/Hes/TempsReel/workspace/TP1_ghostbuster_etu/Debug/libMyLab_lib.a(custom_rand.o)
 .debug_aranges
                0x00000000000002d0       0xf8 /Users/nufer/Documents/Hes/TempsReel/workspace/TP1_ghostbuster_etu/Debug/libMyLab_lib.a(lcd.o)
 .debug_aranges
                0x00000000000003c8       0x38 /Users/nufer/Documents/Hes/TempsReel/workspace/TP1_ghostbuster_etu/Debug/libMyLab_lib.a(ssp.o)
 .debug_aranges
                0x0000000000000400       0x50 /Users/nufer/Documents/Hes/TempsReel/workspace/TP1_ghostbuster_etu/Debug/libMyLab_lib.a(traces.o)
 .debug_aranges
                0x0000000000000450       0x30 /Users/nufer/Documents/Hes/TempsReel/workspace/TP1_ghostbuster_etu/Debug/libMyLab_lib.a(uart.o)
 .debug_aranges
                0x0000000000000480       0x18 /Users/nufer/Documents/Hes/TempsReel/workspace/TP1_ghostbuster_etu/Debug/libMyLab_lib.a(fonts.o)
 .debug_aranges
                0x0000000000000498       0x28 /Users/nufer/Documents/Hes/TempsReel/workspace/CMSISv2p00_LPC17xx/Debug/libCMSISv2p00_LPC17xx.a(system_LPC17xx.o)

.debug_ranges   0x0000000000000000      0x3d8
 .debug_ranges  0x0000000000000000       0x58 ./src/cr_startup_lpc17.o
 .debug_ranges  0x0000000000000058       0x48 ./src/tp1_ghostbuster.o
 .debug_ranges  0x00000000000000a0       0x10 ./src/trace_mgt.o
 .debug_ranges  0x00000000000000b0       0x30 ./FreeRTOS_src/list.o
 .debug_ranges  0x00000000000000e0       0xd0 ./FreeRTOS_src/tasks.o
 .debug_ranges  0x00000000000001b0       0x28 ./FreeRTOS_portable/MemMang/heap_2.o
 .debug_ranges  0x00000000000001d8       0x60 ./FreeRTOS_portable/port.o
 .debug_ranges  0x0000000000000238       0x18 /Users/nufer/Documents/Hes/TempsReel/workspace/TP1_ghostbuster_etu/Debug/libMyLab_lib.a(custom_rand.o)
 .debug_ranges  0x0000000000000250       0xe8 /Users/nufer/Documents/Hes/TempsReel/workspace/TP1_ghostbuster_etu/Debug/libMyLab_lib.a(lcd.o)
 .debug_ranges  0x0000000000000338       0x28 /Users/nufer/Documents/Hes/TempsReel/workspace/TP1_ghostbuster_etu/Debug/libMyLab_lib.a(ssp.o)
 .debug_ranges  0x0000000000000360       0x40 /Users/nufer/Documents/Hes/TempsReel/workspace/TP1_ghostbuster_etu/Debug/libMyLab_lib.a(traces.o)
 .debug_ranges  0x00000000000003a0       0x20 /Users/nufer/Documents/Hes/TempsReel/workspace/TP1_ghostbuster_etu/Debug/libMyLab_lib.a(uart.o)
 .debug_ranges  0x00000000000003c0       0x18 /Users/nufer/Documents/Hes/TempsReel/workspace/CMSISv2p00_LPC17xx/Debug/libCMSISv2p00_LPC17xx.a(system_LPC17xx.o)

.debug_macro    0x0000000000000000     0x41d4
 .debug_macro   0x0000000000000000       0x52 ./src/cr_startup_lpc17.o
 .debug_macro   0x0000000000000052      0x892 ./src/cr_startup_lpc17.o
 .debug_macro   0x00000000000008e4       0x10 ./src/cr_startup_lpc17.o
 .debug_macro   0x00000000000008f4      0x12d ./src/cr_startup_lpc17.o
 .debug_macro   0x0000000000000a21      0x5b2 ./src/cr_startup_lpc17.o
 .debug_macro   0x0000000000000fd3      0x1a6 ./src/tp1_ghostbuster.o
 .debug_macro   0x0000000000001179       0xa0 ./src/tp1_ghostbuster.o
 .debug_macro   0x0000000000001219       0x22 ./src/tp1_ghostbuster.o
 .debug_macro   0x000000000000123b       0x82 ./src/tp1_ghostbuster.o
 .debug_macro   0x00000000000012bd       0x46 ./src/tp1_ghostbuster.o
 .debug_macro   0x0000000000001303      0x150 ./src/tp1_ghostbuster.o
 .debug_macro   0x0000000000001453       0xa3 ./src/tp1_ghostbuster.o
 .debug_macro   0x00000000000014f6       0x12 ./src/tp1_ghostbuster.o
 .debug_macro   0x0000000000001508       0x1f ./src/tp1_ghostbuster.o
 .debug_macro   0x0000000000001527      0x177 ./src/tp1_ghostbuster.o
 .debug_macro   0x000000000000169e       0x49 ./src/tp1_ghostbuster.o
 .debug_macro   0x00000000000016e7       0x57 ./src/tp1_ghostbuster.o
 .debug_macro   0x000000000000173e       0x6a ./src/tp1_ghostbuster.o
 .debug_macro   0x00000000000017a8       0x62 ./src/tp1_ghostbuster.o
 .debug_macro   0x000000000000180a       0x1c ./src/tp1_ghostbuster.o
 .debug_macro   0x0000000000001826       0x2e ./src/tp1_ghostbuster.o
 .debug_macro   0x0000000000001854       0x18 ./src/tp1_ghostbuster.o
 .debug_macro   0x000000000000186c      0x7af ./src/tp1_ghostbuster.o
 .debug_macro   0x000000000000201b      0x2c7 ./src/tp1_ghostbuster.o
 .debug_macro   0x00000000000022e2       0x1c ./src/tp1_ghostbuster.o
 .debug_macro   0x00000000000022fe       0x28 ./src/tp1_ghostbuster.o
 .debug_macro   0x0000000000002326       0x1c ./src/tp1_ghostbuster.o
 .debug_macro   0x0000000000002342       0xc2 ./src/tp1_ghostbuster.o
 .debug_macro   0x0000000000002404       0x22 ./src/tp1_ghostbuster.o
 .debug_macro   0x0000000000002426       0xc4 ./src/tp1_ghostbuster.o
 .debug_macro   0x00000000000024ea      0x135 ./src/trace_mgt.o
 .debug_macro   0x000000000000261f       0x10 ./src/trace_mgt.o
 .debug_macro   0x000000000000262f      0x150 ./src/trace_mgt.o
 .debug_macro   0x000000000000277f       0x16 ./src/trace_mgt.o
 .debug_macro   0x0000000000002795       0x9d ./FreeRTOS_src/list.o
 .debug_macro   0x0000000000002832       0x28 ./FreeRTOS_src/list.o
 .debug_macro   0x000000000000285a      0x130 ./FreeRTOS_src/tasks.o
 .debug_macro   0x000000000000298a       0x61 ./FreeRTOS_src/tasks.o
 .debug_macro   0x00000000000029eb       0x16 ./FreeRTOS_src/tasks.o
 .debug_macro   0x0000000000002a01       0xcb ./FreeRTOS_portable/MemMang/heap_2.o
 .debug_macro   0x0000000000002acc       0xda ./FreeRTOS_portable/port.o
 .debug_macro   0x0000000000002ba6       0x46 /Users/nufer/Documents/Hes/TempsReel/workspace/TP1_ghostbuster_etu/Debug/libMyLab_lib.a(custom_rand.o)
 .debug_macro   0x0000000000002bec      0x886 /Users/nufer/Documents/Hes/TempsReel/workspace/TP1_ghostbuster_etu/Debug/libMyLab_lib.a(custom_rand.o)
 .debug_macro   0x0000000000003472       0xf8 /Users/nufer/Documents/Hes/TempsReel/workspace/TP1_ghostbuster_etu/Debug/libMyLab_lib.a(lcd.o)
 .debug_macro   0x000000000000356a       0x9a /Users/nufer/Documents/Hes/TempsReel/workspace/TP1_ghostbuster_etu/Debug/libMyLab_lib.a(lcd.o)
 .debug_macro   0x0000000000003604       0x90 /Users/nufer/Documents/Hes/TempsReel/workspace/TP1_ghostbuster_etu/Debug/libMyLab_lib.a(ssp.o)
 .debug_macro   0x0000000000003694       0x22 /Users/nufer/Documents/Hes/TempsReel/workspace/TP1_ghostbuster_etu/Debug/libMyLab_lib.a(ssp.o)
 .debug_macro   0x00000000000036b6       0xcf /Users/nufer/Documents/Hes/TempsReel/workspace/TP1_ghostbuster_etu/Debug/libMyLab_lib.a(traces.o)
 .debug_macro   0x0000000000003785       0x84 /Users/nufer/Documents/Hes/TempsReel/workspace/TP1_ghostbuster_etu/Debug/libMyLab_lib.a(uart.o)
 .debug_macro   0x0000000000003809       0x1a /Users/nufer/Documents/Hes/TempsReel/workspace/TP1_ghostbuster_etu/Debug/libMyLab_lib.a(fonts.o)
 .debug_macro   0x0000000000003823      0x12b /Users/nufer/Documents/Hes/TempsReel/workspace/CMSISv2p00_LPC17xx/Debug/libCMSISv2p00_LPC17xx.a(system_LPC17xx.o)
 .debug_macro   0x000000000000394e      0x886 /Users/nufer/Documents/Hes/TempsReel/workspace/CMSISv2p00_LPC17xx/Debug/libCMSISv2p00_LPC17xx.a(system_LPC17xx.o)

.debug_line     0x0000000000000000     0x28c2
 .debug_line    0x0000000000000000      0x1e4 ./src/cr_startup_lpc17.o
 .debug_line    0x00000000000001e4      0x450 ./src/tp1_ghostbuster.o
 .debug_line    0x0000000000000634      0x299 ./src/trace_mgt.o
 .debug_line    0x00000000000008cd      0x22c ./FreeRTOS_src/list.o
 .debug_line    0x0000000000000af9      0x5be ./FreeRTOS_src/tasks.o
 .debug_line    0x00000000000010b7      0x264 ./FreeRTOS_portable/MemMang/heap_2.o
 .debug_line    0x000000000000131b      0x276 ./FreeRTOS_portable/port.o
 .debug_line    0x0000000000001591      0x1a0 /Users/nufer/Documents/Hes/TempsReel/workspace/TP1_ghostbuster_etu/Debug/libMyLab_lib.a(custom_rand.o)
 .debug_line    0x0000000000001731      0x77c /Users/nufer/Documents/Hes/TempsReel/workspace/TP1_ghostbuster_etu/Debug/libMyLab_lib.a(lcd.o)
 .debug_line    0x0000000000001ead      0x26e /Users/nufer/Documents/Hes/TempsReel/workspace/TP1_ghostbuster_etu/Debug/libMyLab_lib.a(ssp.o)
 .debug_line    0x000000000000211b      0x311 /Users/nufer/Documents/Hes/TempsReel/workspace/TP1_ghostbuster_etu/Debug/libMyLab_lib.a(traces.o)
 .debug_line    0x000000000000242c      0x230 /Users/nufer/Documents/Hes/TempsReel/workspace/TP1_ghostbuster_etu/Debug/libMyLab_lib.a(uart.o)
 .debug_line    0x000000000000265c       0x85 /Users/nufer/Documents/Hes/TempsReel/workspace/TP1_ghostbuster_etu/Debug/libMyLab_lib.a(fonts.o)
 .debug_line    0x00000000000026e1      0x1e1 /Users/nufer/Documents/Hes/TempsReel/workspace/CMSISv2p00_LPC17xx/Debug/libCMSISv2p00_LPC17xx.a(system_LPC17xx.o)

.debug_str      0x0000000000000000     0xeab9
 .debug_str     0x0000000000000000     0x3d81 ./src/cr_startup_lpc17.o
                                       0x3e00 (size before relaxing)
 .debug_str     0x0000000000003d81     0x7c65 ./src/tp1_ghostbuster.o
                                       0xb8f4 (size before relaxing)
 .debug_str     0x000000000000b9e6       0x7c ./src/trace_mgt.o
                                       0xa910 (size before relaxing)
 .debug_str     0x000000000000ba62      0x142 ./FreeRTOS_src/list.o
                                       0x4534 (size before relaxing)
 .debug_str     0x000000000000bba4     0x10a0 ./FreeRTOS_src/tasks.o
                                       0x5acb (size before relaxing)
 .debug_str     0x000000000000cc44      0x45f ./FreeRTOS_portable/MemMang/heap_2.o
                                       0x4bf7 (size before relaxing)
 .debug_str     0x000000000000d0a3      0x368 ./FreeRTOS_portable/port.o
                                       0x4a5c (size before relaxing)
 .debug_str     0x000000000000d40b      0x6b7 /Users/nufer/Documents/Hes/TempsReel/workspace/TP1_ghostbuster_etu/Debug/libMyLab_lib.a(custom_rand.o)
                                       0x3c63 (size before relaxing)
 .debug_str     0x000000000000dac2      0x4b0 /Users/nufer/Documents/Hes/TempsReel/workspace/TP1_ghostbuster_etu/Debug/libMyLab_lib.a(lcd.o)
                                       0x8ede (size before relaxing)
 .debug_str     0x000000000000df72      0x30c /Users/nufer/Documents/Hes/TempsReel/workspace/TP1_ghostbuster_etu/Debug/libMyLab_lib.a(ssp.o)
                                       0x80a7 (size before relaxing)
 .debug_str     0x000000000000e27e      0x3bf /Users/nufer/Documents/Hes/TempsReel/workspace/TP1_ghostbuster_etu/Debug/libMyLab_lib.a(traces.o)
                                       0x8578 (size before relaxing)
 .debug_str     0x000000000000e63d       0x61 /Users/nufer/Documents/Hes/TempsReel/workspace/TP1_ghostbuster_etu/Debug/libMyLab_lib.a(uart.o)
                                       0x802b (size before relaxing)
 .debug_str     0x000000000000e69e       0x1f /Users/nufer/Documents/Hes/TempsReel/workspace/TP1_ghostbuster_etu/Debug/libMyLab_lib.a(fonts.o)
                                       0x253a (size before relaxing)
 .debug_str     0x000000000000e6bd      0x3fc /Users/nufer/Documents/Hes/TempsReel/workspace/CMSISv2p00_LPC17xx/Debug/libCMSISv2p00_LPC17xx.a(system_LPC17xx.o)
                                       0x8142 (size before relaxing)

.comment        0x0000000000000000      0x14c
 .comment       0x0000000000000000       0x6e ./src/cr_startup_lpc17.o
                                         0x6f (size before relaxing)
 .comment       0x000000000000006e       0x6f ./src/tp1_ghostbuster.o
 .comment       0x000000000000006e       0x6f ./src/trace_mgt.o
 .comment       0x000000000000006e       0x6f ./FreeRTOS_src/list.o
 .comment       0x000000000000006e       0x6f ./FreeRTOS_src/tasks.o
 .comment       0x000000000000006e       0x6f ./FreeRTOS_portable/MemMang/heap_2.o
 .comment       0x000000000000006e       0x6f ./FreeRTOS_portable/port.o
 .comment       0x000000000000006e       0x70 /Users/nufer/Documents/Hes/TempsReel/workspace/TP1_ghostbuster_etu/Debug/libMyLab_lib.a(custom_rand.o)
                                         0x71 (size before relaxing)
 .comment       0x00000000000000de       0x71 /Users/nufer/Documents/Hes/TempsReel/workspace/TP1_ghostbuster_etu/Debug/libMyLab_lib.a(lcd.o)
 .comment       0x00000000000000de       0x71 /Users/nufer/Documents/Hes/TempsReel/workspace/TP1_ghostbuster_etu/Debug/libMyLab_lib.a(ssp.o)
 .comment       0x00000000000000de       0x71 /Users/nufer/Documents/Hes/TempsReel/workspace/TP1_ghostbuster_etu/Debug/libMyLab_lib.a(traces.o)
 .comment       0x00000000000000de       0x71 /Users/nufer/Documents/Hes/TempsReel/workspace/TP1_ghostbuster_etu/Debug/libMyLab_lib.a(uart.o)
 .comment       0x00000000000000de       0x71 /Users/nufer/Documents/Hes/TempsReel/workspace/TP1_ghostbuster_etu/Debug/libMyLab_lib.a(fonts.o)
 .comment       0x00000000000000de       0x6f /Users/nufer/Documents/Hes/TempsReel/workspace/CMSISv2p00_LPC17xx/Debug/libCMSISv2p00_LPC17xx.a(system_LPC17xx.o)
 .comment       0x00000000000000de       0x6e /Applications/lpcxpresso_8.2.2_650/lpcxpresso/tools/bin/../lib/gcc/arm-none-eabi/5.4.1/../../../../arm-none-eabi/lib/armv7-m/libcr_semihost.a(_cr__main.o)
                                         0x6f (size before relaxing)
 .comment       0x000000000000014c       0x6f /Applications/lpcxpresso_8.2.2_650/lpcxpresso/tools/bin/../lib/gcc/arm-none-eabi/5.4.1/../../../../arm-none-eabi/lib/armv7-m/libcr_c.a(memcpy.o)
 .comment       0x000000000000014c       0x6f /Applications/lpcxpresso_8.2.2_650/lpcxpresso/tools/bin/../lib/gcc/arm-none-eabi/5.4.1/../../../../arm-none-eabi/lib/armv7-m/libcr_c.a(memset.o)
 .comment       0x000000000000014c       0x6f /Applications/lpcxpresso_8.2.2_650/lpcxpresso/tools/bin/../lib/gcc/arm-none-eabi/5.4.1/../../../../arm-none-eabi/lib/armv7-m/libcr_c.a(alloc.o)
 .comment       0x000000000000014c       0x6f /Applications/lpcxpresso_8.2.2_650/lpcxpresso/tools/bin/../lib/gcc/arm-none-eabi/5.4.1/../../../../arm-none-eabi/lib/armv7-m/libcr_c.a(fclose.o)
 .comment       0x000000000000014c       0x6f /Applications/lpcxpresso_8.2.2_650/lpcxpresso/tools/bin/../lib/gcc/arm-none-eabi/5.4.1/../../../../arm-none-eabi/lib/armv7-m/libcr_c.a(fflush.o)
 .comment       0x000000000000014c       0x6f /Applications/lpcxpresso_8.2.2_650/lpcxpresso/tools/bin/../lib/gcc/arm-none-eabi/5.4.1/../../../../arm-none-eabi/lib/armv7-m/libcr_c.a(fopen.o)
 .comment       0x000000000000014c       0x6f /Applications/lpcxpresso_8.2.2_650/lpcxpresso/tools/bin/../lib/gcc/arm-none-eabi/5.4.1/../../../../arm-none-eabi/lib/armv7-m/libcr_c.a(fpprintf.o)
 .comment       0x000000000000014c       0x6f /Applications/lpcxpresso_8.2.2_650/lpcxpresso/tools/bin/../lib/gcc/arm-none-eabi/5.4.1/../../../../arm-none-eabi/lib/armv7-m/libcr_c.a(fread.o)
 .comment       0x000000000000014c       0x6f /Applications/lpcxpresso_8.2.2_650/lpcxpresso/tools/bin/../lib/gcc/arm-none-eabi/5.4.1/../../../../arm-none-eabi/lib/armv7-m/libcr_c.a(freopen.o)
 .comment       0x000000000000014c       0x6f /Applications/lpcxpresso_8.2.2_650/lpcxpresso/tools/bin/../lib/gcc/arm-none-eabi/5.4.1/../../../../arm-none-eabi/lib/armv7-m/libcr_c.a(fseek.o)
 .comment       0x000000000000014c       0x6f /Applications/lpcxpresso_8.2.2_650/lpcxpresso/tools/bin/../lib/gcc/arm-none-eabi/5.4.1/../../../../arm-none-eabi/lib/armv7-m/libcr_c.a(ftell.o)
 .comment       0x000000000000014c       0x6f /Applications/lpcxpresso_8.2.2_650/lpcxpresso/tools/bin/../lib/gcc/arm-none-eabi/5.4.1/../../../../arm-none-eabi/lib/armv7-m/libcr_c.a(initio.o)
 .comment       0x000000000000014c       0x6f /Applications/lpcxpresso_8.2.2_650/lpcxpresso/tools/bin/../lib/gcc/arm-none-eabi/5.4.1/../../../../arm-none-eabi/lib/armv7-m/libcr_c.a(printf.o)
 .comment       0x000000000000014c       0x6f /Applications/lpcxpresso_8.2.2_650/lpcxpresso/tools/bin/../lib/gcc/arm-none-eabi/5.4.1/../../../../arm-none-eabi/lib/armv7-m/libcr_c.a(remove.o)
 .comment       0x000000000000014c       0x6f /Applications/lpcxpresso_8.2.2_650/lpcxpresso/tools/bin/../lib/gcc/arm-none-eabi/5.4.1/../../../../arm-none-eabi/lib/armv7-m/libcr_c.a(setvbuf.o)
 .comment       0x000000000000014c       0x6f /Applications/lpcxpresso_8.2.2_650/lpcxpresso/tools/bin/../lib/gcc/arm-none-eabi/5.4.1/../../../../arm-none-eabi/lib/armv7-m/libcr_c.a(stdio.o)
 .comment       0x000000000000014c       0x6f /Applications/lpcxpresso_8.2.2_650/lpcxpresso/tools/bin/../lib/gcc/arm-none-eabi/5.4.1/../../../../arm-none-eabi/lib/armv7-m/libcr_c.a(stdlib.o)
 .comment       0x000000000000014c       0x6f /Applications/lpcxpresso_8.2.2_650/lpcxpresso/tools/bin/../lib/gcc/arm-none-eabi/5.4.1/../../../../arm-none-eabi/lib/armv7-m/libcr_c.a(strlen.o)
 .comment       0x000000000000014c       0x6f /Applications/lpcxpresso_8.2.2_650/lpcxpresso/tools/bin/../lib/gcc/arm-none-eabi/5.4.1/../../../../arm-none-eabi/lib/armv7-m/libcr_c.a(strncpy.o)
 .comment       0x000000000000014c       0x6f /Applications/lpcxpresso_8.2.2_650/lpcxpresso/tools/bin/../lib/gcc/arm-none-eabi/5.4.1/../../../../arm-none-eabi/lib/armv7-m/libcr_c.a(__fillbuf.o)
 .comment       0x000000000000014c       0x6f /Applications/lpcxpresso_8.2.2_650/lpcxpresso/tools/bin/../lib/gcc/arm-none-eabi/5.4.1/../../../../arm-none-eabi/lib/armv7-m/libcr_c.a(__init_alloc.o)
 .comment       0x000000000000014c       0x6f /Applications/lpcxpresso_8.2.2_650/lpcxpresso/tools/bin/../lib/gcc/arm-none-eabi/5.4.1/../../../../arm-none-eabi/lib/armv7-m/libcr_c.a(_cr_sbrk.o)
 .comment       0x000000000000014c       0x6f /Applications/lpcxpresso_8.2.2_650/lpcxpresso/tools/bin/../lib/gcc/arm-none-eabi/5.4.1/../../../../arm-none-eabi/lib/armv7-m/libcr_c.a(_deferredlazyseek.o)
 .comment       0x000000000000014c       0x6f /Applications/lpcxpresso_8.2.2_650/lpcxpresso/tools/bin/../lib/gcc/arm-none-eabi/5.4.1/../../../../arm-none-eabi/lib/armv7-m/libcr_c.a(_do_fflush.o)
 .comment       0x000000000000014c       0x6f /Applications/lpcxpresso_8.2.2_650/lpcxpresso/tools/bin/../lib/gcc/arm-none-eabi/5.4.1/../../../../arm-none-eabi/lib/armv7-m/libcr_c.a(_fdopen.o)
 .comment       0x000000000000014c       0x6f /Applications/lpcxpresso_8.2.2_650/lpcxpresso/tools/bin/../lib/gcc/arm-none-eabi/5.4.1/../../../../arm-none-eabi/lib/armv7-m/libcr_c.a(_fflush.o)
 .comment       0x000000000000014c       0x6f /Applications/lpcxpresso_8.2.2_650/lpcxpresso/tools/bin/../lib/gcc/arm-none-eabi/5.4.1/../../../../arm-none-eabi/lib/armv7-m/libcr_c.a(_frexpl.o)
 .comment       0x000000000000014c       0x6f /Applications/lpcxpresso_8.2.2_650/lpcxpresso/tools/bin/../lib/gcc/arm-none-eabi/5.4.1/../../../../arm-none-eabi/lib/armv7-m/libcr_c.a(_hugeval.o)
 .comment       0x000000000000014c       0x6f /Applications/lpcxpresso_8.2.2_650/lpcxpresso/tools/bin/../lib/gcc/arm-none-eabi/5.4.1/../../../../arm-none-eabi/lib/armv7-m/libcr_c.a(_ldexpl.o)
 .comment       0x000000000000014c       0x6f /Applications/lpcxpresso_8.2.2_650/lpcxpresso/tools/bin/../lib/gcc/arm-none-eabi/5.4.1/../../../../arm-none-eabi/lib/armv7-m/libcr_c.a(_read.o)
 .comment       0x000000000000014c       0x6f /Applications/lpcxpresso_8.2.2_650/lpcxpresso/tools/bin/../lib/gcc/arm-none-eabi/5.4.1/../../../../arm-none-eabi/lib/armv7-m/libcr_c.a(_writebuf.o)
 .comment       0x000000000000014c       0x6f /Applications/lpcxpresso_8.2.2_650/lpcxpresso/tools/bin/../lib/gcc/arm-none-eabi/5.4.1/../../../../arm-none-eabi/lib/armv7-m/libcr_c.a(errno.o)
 .comment       0x000000000000014c       0x6f /Applications/lpcxpresso_8.2.2_650/lpcxpresso/tools/bin/../lib/gcc/arm-none-eabi/5.4.1/../../../../arm-none-eabi/lib/armv7-m/libcr_c.a(_cr_check_heap.o)
 .comment       0x000000000000014c       0x6f /Applications/lpcxpresso_8.2.2_650/lpcxpresso/tools/bin/../lib/gcc/arm-none-eabi/5.4.1/armv7-m/libcr_eabihelpers.a(double.o)

.ARM.attributes
                0x0000000000000000       0x31
 .ARM.attributes
                0x0000000000000000       0x33 ./src/cr_startup_lpc17.o
 .ARM.attributes
                0x0000000000000033       0x33 ./src/tp1_ghostbuster.o
 .ARM.attributes
                0x0000000000000066       0x33 ./src/trace_mgt.o
 .ARM.attributes
                0x0000000000000099       0x33 ./FreeRTOS_src/list.o
 .ARM.attributes
                0x00000000000000cc       0x33 ./FreeRTOS_src/tasks.o
 .ARM.attributes
                0x00000000000000ff       0x33 ./FreeRTOS_portable/MemMang/heap_2.o
 .ARM.attributes
                0x0000000000000132       0x33 ./FreeRTOS_portable/port.o
 .ARM.attributes
                0x0000000000000165       0x33 /Users/nufer/Documents/Hes/TempsReel/workspace/TP1_ghostbuster_etu/Debug/libMyLab_lib.a(custom_rand.o)
 .ARM.attributes
                0x0000000000000198       0x33 /Users/nufer/Documents/Hes/TempsReel/workspace/TP1_ghostbuster_etu/Debug/libMyLab_lib.a(lcd.o)
 .ARM.attributes
                0x00000000000001cb       0x33 /Users/nufer/Documents/Hes/TempsReel/workspace/TP1_ghostbuster_etu/Debug/libMyLab_lib.a(ssp.o)
 .ARM.attributes
                0x00000000000001fe       0x33 /Users/nufer/Documents/Hes/TempsReel/workspace/TP1_ghostbuster_etu/Debug/libMyLab_lib.a(traces.o)
 .ARM.attributes
                0x0000000000000231       0x33 /Users/nufer/Documents/Hes/TempsReel/workspace/TP1_ghostbuster_etu/Debug/libMyLab_lib.a(uart.o)
 .ARM.attributes
                0x0000000000000264       0x33 /Users/nufer/Documents/Hes/TempsReel/workspace/TP1_ghostbuster_etu/Debug/libMyLab_lib.a(fonts.o)
 .ARM.attributes
                0x0000000000000297       0x33 /Users/nufer/Documents/Hes/TempsReel/workspace/CMSISv2p00_LPC17xx/Debug/libCMSISv2p00_LPC17xx.a(system_LPC17xx.o)
 .ARM.attributes
                0x00000000000002ca       0x33 /Applications/lpcxpresso_8.2.2_650/lpcxpresso/tools/bin/../lib/gcc/arm-none-eabi/5.4.1/../../../../arm-none-eabi/lib/armv7-m/libcr_semihost.a(_cr__main.o)
 .ARM.attributes
                0x00000000000002fd       0x33 /Applications/lpcxpresso_8.2.2_650/lpcxpresso/tools/bin/../lib/gcc/arm-none-eabi/5.4.1/../../../../arm-none-eabi/lib/armv7-m/libcr_c.a(memcpy.o)
 .ARM.attributes
                0x0000000000000330       0x33 /Applications/lpcxpresso_8.2.2_650/lpcxpresso/tools/bin/../lib/gcc/arm-none-eabi/5.4.1/../../../../arm-none-eabi/lib/armv7-m/libcr_c.a(memset.o)
 .ARM.attributes
                0x0000000000000363       0x33 /Applications/lpcxpresso_8.2.2_650/lpcxpresso/tools/bin/../lib/gcc/arm-none-eabi/5.4.1/../../../../arm-none-eabi/lib/armv7-m/libcr_c.a(alloc.o)
 .ARM.attributes
                0x0000000000000396       0x33 /Applications/lpcxpresso_8.2.2_650/lpcxpresso/tools/bin/../lib/gcc/arm-none-eabi/5.4.1/../../../../arm-none-eabi/lib/armv7-m/libcr_c.a(fclose.o)
 .ARM.attributes
                0x00000000000003c9       0x33 /Applications/lpcxpresso_8.2.2_650/lpcxpresso/tools/bin/../lib/gcc/arm-none-eabi/5.4.1/../../../../arm-none-eabi/lib/armv7-m/libcr_c.a(fflush.o)
 .ARM.attributes
                0x00000000000003fc       0x33 /Applications/lpcxpresso_8.2.2_650/lpcxpresso/tools/bin/../lib/gcc/arm-none-eabi/5.4.1/../../../../arm-none-eabi/lib/armv7-m/libcr_c.a(fopen.o)
 .ARM.attributes
                0x000000000000042f       0x33 /Applications/lpcxpresso_8.2.2_650/lpcxpresso/tools/bin/../lib/gcc/arm-none-eabi/5.4.1/../../../../arm-none-eabi/lib/armv7-m/libcr_c.a(fpprintf.o)
 .ARM.attributes
                0x0000000000000462       0x33 /Applications/lpcxpresso_8.2.2_650/lpcxpresso/tools/bin/../lib/gcc/arm-none-eabi/5.4.1/../../../../arm-none-eabi/lib/armv7-m/libcr_c.a(fread.o)
 .ARM.attributes
                0x0000000000000495       0x33 /Applications/lpcxpresso_8.2.2_650/lpcxpresso/tools/bin/../lib/gcc/arm-none-eabi/5.4.1/../../../../arm-none-eabi/lib/armv7-m/libcr_c.a(freopen.o)
 .ARM.attributes
                0x00000000000004c8       0x33 /Applications/lpcxpresso_8.2.2_650/lpcxpresso/tools/bin/../lib/gcc/arm-none-eabi/5.4.1/../../../../arm-none-eabi/lib/armv7-m/libcr_c.a(fseek.o)
 .ARM.attributes
                0x00000000000004fb       0x33 /Applications/lpcxpresso_8.2.2_650/lpcxpresso/tools/bin/../lib/gcc/arm-none-eabi/5.4.1/../../../../arm-none-eabi/lib/armv7-m/libcr_c.a(ftell.o)
 .ARM.attributes
                0x000000000000052e       0x33 /Applications/lpcxpresso_8.2.2_650/lpcxpresso/tools/bin/../lib/gcc/arm-none-eabi/5.4.1/../../../../arm-none-eabi/lib/armv7-m/libcr_c.a(initio.o)
 .ARM.attributes
                0x0000000000000561       0x33 /Applications/lpcxpresso_8.2.2_650/lpcxpresso/tools/bin/../lib/gcc/arm-none-eabi/5.4.1/../../../../arm-none-eabi/lib/armv7-m/libcr_c.a(printf.o)
 .ARM.attributes
                0x0000000000000594       0x33 /Applications/lpcxpresso_8.2.2_650/lpcxpresso/tools/bin/../lib/gcc/arm-none-eabi/5.4.1/../../../../arm-none-eabi/lib/armv7-m/libcr_c.a(remove.o)
 .ARM.attributes
                0x00000000000005c7       0x33 /Applications/lpcxpresso_8.2.2_650/lpcxpresso/tools/bin/../lib/gcc/arm-none-eabi/5.4.1/../../../../arm-none-eabi/lib/armv7-m/libcr_c.a(setvbuf.o)
 .ARM.attributes
                0x00000000000005fa       0x33 /Applications/lpcxpresso_8.2.2_650/lpcxpresso/tools/bin/../lib/gcc/arm-none-eabi/5.4.1/../../../../arm-none-eabi/lib/armv7-m/libcr_c.a(stdio.o)
 .ARM.attributes
                0x000000000000062d       0x33 /Applications/lpcxpresso_8.2.2_650/lpcxpresso/tools/bin/../lib/gcc/arm-none-eabi/5.4.1/../../../../arm-none-eabi/lib/armv7-m/libcr_c.a(stdlib.o)
 .ARM.attributes
                0x0000000000000660       0x33 /Applications/lpcxpresso_8.2.2_650/lpcxpresso/tools/bin/../lib/gcc/arm-none-eabi/5.4.1/../../../../arm-none-eabi/lib/armv7-m/libcr_c.a(strlen.o)
 .ARM.attributes
                0x0000000000000693       0x33 /Applications/lpcxpresso_8.2.2_650/lpcxpresso/tools/bin/../lib/gcc/arm-none-eabi/5.4.1/../../../../arm-none-eabi/lib/armv7-m/libcr_c.a(strncpy.o)
 .ARM.attributes
                0x00000000000006c6       0x33 /Applications/lpcxpresso_8.2.2_650/lpcxpresso/tools/bin/../lib/gcc/arm-none-eabi/5.4.1/../../../../arm-none-eabi/lib/armv7-m/libcr_c.a(__fillbuf.o)
 .ARM.attributes
                0x00000000000006f9       0x33 /Applications/lpcxpresso_8.2.2_650/lpcxpresso/tools/bin/../lib/gcc/arm-none-eabi/5.4.1/../../../../arm-none-eabi/lib/armv7-m/libcr_c.a(__init_alloc.o)
 .ARM.attributes
                0x000000000000072c       0x33 /Applications/lpcxpresso_8.2.2_650/lpcxpresso/tools/bin/../lib/gcc/arm-none-eabi/5.4.1/../../../../arm-none-eabi/lib/armv7-m/libcr_c.a(_cr_sbrk.o)
 .ARM.attributes
                0x000000000000075f       0x33 /Applications/lpcxpresso_8.2.2_650/lpcxpresso/tools/bin/../lib/gcc/arm-none-eabi/5.4.1/../../../../arm-none-eabi/lib/armv7-m/libcr_c.a(_deferredlazyseek.o)
 .ARM.attributes
                0x0000000000000792       0x33 /Applications/lpcxpresso_8.2.2_650/lpcxpresso/tools/bin/../lib/gcc/arm-none-eabi/5.4.1/../../../../arm-none-eabi/lib/armv7-m/libcr_c.a(_do_fflush.o)
 .ARM.attributes
                0x00000000000007c5       0x33 /Applications/lpcxpresso_8.2.2_650/lpcxpresso/tools/bin/../lib/gcc/arm-none-eabi/5.4.1/../../../../arm-none-eabi/lib/armv7-m/libcr_c.a(_fdopen.o)
 .ARM.attributes
                0x00000000000007f8       0x33 /Applications/lpcxpresso_8.2.2_650/lpcxpresso/tools/bin/../lib/gcc/arm-none-eabi/5.4.1/../../../../arm-none-eabi/lib/armv7-m/libcr_c.a(_fflush.o)
 .ARM.attributes
                0x000000000000082b       0x33 /Applications/lpcxpresso_8.2.2_650/lpcxpresso/tools/bin/../lib/gcc/arm-none-eabi/5.4.1/../../../../arm-none-eabi/lib/armv7-m/libcr_c.a(_frexpl.o)
 .ARM.attributes
                0x000000000000085e       0x33 /Applications/lpcxpresso_8.2.2_650/lpcxpresso/tools/bin/../lib/gcc/arm-none-eabi/5.4.1/../../../../arm-none-eabi/lib/armv7-m/libcr_c.a(_hugeval.o)
 .ARM.attributes
                0x0000000000000891       0x33 /Applications/lpcxpresso_8.2.2_650/lpcxpresso/tools/bin/../lib/gcc/arm-none-eabi/5.4.1/../../../../arm-none-eabi/lib/armv7-m/libcr_c.a(_ldexpl.o)
 .ARM.attributes
                0x00000000000008c4       0x33 /Applications/lpcxpresso_8.2.2_650/lpcxpresso/tools/bin/../lib/gcc/arm-none-eabi/5.4.1/../../../../arm-none-eabi/lib/armv7-m/libcr_c.a(_read.o)
 .ARM.attributes
                0x00000000000008f7       0x33 /Applications/lpcxpresso_8.2.2_650/lpcxpresso/tools/bin/../lib/gcc/arm-none-eabi/5.4.1/../../../../arm-none-eabi/lib/armv7-m/libcr_c.a(_writebuf.o)
 .ARM.attributes
                0x000000000000092a       0x33 /Applications/lpcxpresso_8.2.2_650/lpcxpresso/tools/bin/../lib/gcc/arm-none-eabi/5.4.1/../../../../arm-none-eabi/lib/armv7-m/libcr_c.a(errno.o)
 .ARM.attributes
                0x000000000000095d       0x33 /Applications/lpcxpresso_8.2.2_650/lpcxpresso/tools/bin/../lib/gcc/arm-none-eabi/5.4.1/../../../../arm-none-eabi/lib/armv7-m/libcr_c.a(_cr_check_heap.o)
 .ARM.attributes
                0x0000000000000990       0x33 /Applications/lpcxpresso_8.2.2_650/lpcxpresso/tools/bin/../lib/gcc/arm-none-eabi/5.4.1/armv7-m/libcr_eabihelpers.a(double.o)
 .ARM.attributes
                0x00000000000009c3       0x21 /Applications/lpcxpresso_8.2.2_650/lpcxpresso/tools/bin/../lib/gcc/arm-none-eabi/5.4.1/armv7-m/libcr_eabihelpers.a(memcpy.o)
 .ARM.attributes
                0x00000000000009e4       0x21 /Applications/lpcxpresso_8.2.2_650/lpcxpresso/tools/bin/../lib/gcc/arm-none-eabi/5.4.1/../../../../arm-none-eabi/lib/armv7-m/libcr_semihost.a(__sys_appexit.o)
 .ARM.attributes
                0x0000000000000a05       0x21 /Applications/lpcxpresso_8.2.2_650/lpcxpresso/tools/bin/../lib/gcc/arm-none-eabi/5.4.1/../../../../arm-none-eabi/lib/armv7-m/libcr_semihost.a(__sys_close.o)
 .ARM.attributes
                0x0000000000000a26       0x21 /Applications/lpcxpresso_8.2.2_650/lpcxpresso/tools/bin/../lib/gcc/arm-none-eabi/5.4.1/../../../../arm-none-eabi/lib/armv7-m/libcr_semihost.a(__sys_flen.o)
 .ARM.attributes
                0x0000000000000a47       0x21 /Applications/lpcxpresso_8.2.2_650/lpcxpresso/tools/bin/../lib/gcc/arm-none-eabi/5.4.1/../../../../arm-none-eabi/lib/armv7-m/libcr_semihost.a(__sys_istty.o)
 .ARM.attributes
                0x0000000000000a68       0x21 /Applications/lpcxpresso_8.2.2_650/lpcxpresso/tools/bin/../lib/gcc/arm-none-eabi/5.4.1/../../../../arm-none-eabi/lib/armv7-m/libcr_semihost.a(__sys_open.o)
 .ARM.attributes
                0x0000000000000a89       0x21 /Applications/lpcxpresso_8.2.2_650/lpcxpresso/tools/bin/../lib/gcc/arm-none-eabi/5.4.1/../../../../arm-none-eabi/lib/armv7-m/libcr_semihost.a(__sys_read.o)
 .ARM.attributes
                0x0000000000000aaa       0x21 /Applications/lpcxpresso_8.2.2_650/lpcxpresso/tools/bin/../lib/gcc/arm-none-eabi/5.4.1/../../../../arm-none-eabi/lib/armv7-m/libcr_semihost.a(__sys_readc.o)
 .ARM.attributes
                0x0000000000000acb       0x21 /Applications/lpcxpresso_8.2.2_650/lpcxpresso/tools/bin/../lib/gcc/arm-none-eabi/5.4.1/../../../../arm-none-eabi/lib/armv7-m/libcr_semihost.a(__sys_remove.o)
 .ARM.attributes
                0x0000000000000aec       0x21 /Applications/lpcxpresso_8.2.2_650/lpcxpresso/tools/bin/../lib/gcc/arm-none-eabi/5.4.1/../../../../arm-none-eabi/lib/armv7-m/libcr_semihost.a(__sys_seek.o)
 .ARM.attributes
                0x0000000000000b0d       0x21 /Applications/lpcxpresso_8.2.2_650/lpcxpresso/tools/bin/../lib/gcc/arm-none-eabi/5.4.1/../../../../arm-none-eabi/lib/armv7-m/libcr_semihost.a(__sys_tmpnam.o)
 .ARM.attributes
                0x0000000000000b2e       0x21 /Applications/lpcxpresso_8.2.2_650/lpcxpresso/tools/bin/../lib/gcc/arm-none-eabi/5.4.1/../../../../arm-none-eabi/lib/armv7-m/libcr_semihost.a(__sys_write.o)

.debug_frame    0x0000000000000000      0xfc8
 .debug_frame   0x0000000000000000      0x128 ./src/cr_startup_lpc17.o
 .debug_frame   0x0000000000000128      0x14c ./src/tp1_ghostbuster.o
 .debug_frame   0x0000000000000274       0x34 ./src/trace_mgt.o
 .debug_frame   0x00000000000002a8       0xd8 ./FreeRTOS_src/list.o
 .debug_frame   0x0000000000000380      0x388 ./FreeRTOS_src/tasks.o
 .debug_frame   0x0000000000000708       0x98 ./FreeRTOS_portable/MemMang/heap_2.o
 .debug_frame   0x00000000000007a0      0x148 ./FreeRTOS_portable/port.o
 .debug_frame   0x00000000000008e8       0x5c /Users/nufer/Documents/Hes/TempsReel/workspace/TP1_ghostbuster_etu/Debug/libMyLab_lib.a(custom_rand.o)
 .debug_frame   0x0000000000000944      0x408 /Users/nufer/Documents/Hes/TempsReel/workspace/TP1_ghostbuster_etu/Debug/libMyLab_lib.a(lcd.o)
 .debug_frame   0x0000000000000d4c       0xa8 /Users/nufer/Documents/Hes/TempsReel/workspace/TP1_ghostbuster_etu/Debug/libMyLab_lib.a(ssp.o)
 .debug_frame   0x0000000000000df4      0x11c /Users/nufer/Documents/Hes/TempsReel/workspace/TP1_ghostbuster_etu/Debug/libMyLab_lib.a(traces.o)
 .debug_frame   0x0000000000000f10       0x7c /Users/nufer/Documents/Hes/TempsReel/workspace/TP1_ghostbuster_etu/Debug/libMyLab_lib.a(uart.o)
 .debug_frame   0x0000000000000f8c       0x3c /Users/nufer/Documents/Hes/TempsReel/workspace/CMSISv2p00_LPC17xx/Debug/libCMSISv2p00_LPC17xx.a(system_LPC17xx.o)
